########
[16, 14, 22],
 w_s = 0.10057476540679104 w_s_formula = 0.0482996291519815
l_q = 0.03983117176410459 l_q_formula = 0.03983117176410458
sum of P = 0.9999999999999999
########

########
[14, 49, 15],
 w_s = 0.14333098756743112 w_s_formula = 0.07161724564803525
l_q = 0.2425783700870606 l_q_formula = 0.24257837008706057
sum of P = 1.0
########

########
[10, 196, 28],
 w_s = 0.081326921016248 w_s_formula = 0.04032448757645564
l_q = 0.903599564985305 l_q_formula = 0.9035995649853047
sum of P = 1.0
########

########
[11, 103, 22],
 w_s = 0.10110538091495816 w_s_formula = 0.05006465565305924
l_q = 0.47484135044691944 l_q_formula = 0.47484135044691955
sum of P = 0.9999999999999999
########

########
[18, 44, 20],
 w_s = 0.1097609382047783 w_s_formula = 0.05281186332075974
l_q = 0.12372198611342825 l_q_formula = 0.12372198611342826
sum of P = 0.9999999999999999
########

########
[10, 37, 29],
 w_s = 0.07865647958379914 w_s_formula = 0.037976826939740686
l_q = 0.1292805278048881 l_q_formula = 0.1292805278048881
sum of P = 1.0
########

########
[9, 197, 21],
 w_s = 0.1056812927152258 w_s_formula = 0.05651930135205796
l_q = 1.7533499854030383 l_q_formula = 1.7533499854030383
sum of P = 0.9999999999999998
########

########
[16, 95, 26],
 w_s = 0.08650112673001017 w_s_formula = 0.04095703354307344
l_q = 0.23707203274582228 l_q_formula = 0.2370720327458223
sum of P = 0.9999999999999998
########

########
[14, 169, 23],
 w_s = 0.09666747813902368 w_s_formula = 0.047108797798352385
l_q = 0.6135607409650318 l_q_formula = 0.613560740965032
sum of P = 0.9999999999999998
########

########
[7, 150, 19],
 w_s = 0.11699637518240263 w_s_formula = 0.06640262162915476
l_q = 2.065656402267953 l_q_formula = 2.0656564022679547
sum of P = 1.0
########

########
[11, 13, 19],
 w_s = 0.1155638688707835 w_s_formula = 0.05743283948771249
l_q = 0.06241638702447289 l_q_formula = 0.062416387024472886
sum of P = 0.9999999999999999
########

########
[7, 18, 17],
 w_s = 0.1296871412688031 w_s_formula = 0.06737926184807624
l_q = 0.15400318385360764 l_q_formula = 0.15400318385360762
sum of P = 1.0000000000000002
########

########
[14, 29, 18],
 w_s = 0.12108803885855716 w_s_formula = 0.05956738353997618
l_q = 0.11634301154819834 l_q_formula = 0.11634301154819837
sum of P = 1.0
########

########
[3, 26, 19],
 w_s = 0.12667173864108972 w_s_formula = 0.07247350631832314
l_q = 0.5158901116448226 l_q_formula = 0.5158901116448228
sum of P = 0.9999999999999997
########

########
[13, 13, 24],
 w_s = 0.09313632473861455 w_s_formula = 0.04487694718518667
l_q = 0.04173364674076006 l_q_formula = 0.041733646740760064
sum of P = 1.0
########

########
[11, 31, 13],
 w_s = 0.16527092565293577 w_s_formula = 0.08415897765571385
l_q = 0.22431292271174455 l_q_formula = 0.22431292271174458
sum of P = 1.0000000000000002
########

########
[3, 96, 27],
 w_s = 0.09220774251494288 w_s_formula = 0.06111174725449524
l_q = 2.311172180875988 l_q_formula = 2.311172180875988
sum of P = 1.0
########

########
[4, 131, 22],
 w_s = 0.10639857863683448 w_s_formula = 0.07989635675817264
l_q = 4.511877280775161 l_q_formula = 4.511877280775162
sum of P = 1.0
########

########
[17, 147, 12],
 w_s = 0.17692986105332412 w_s_formula = 0.08974450988331979
l_q = 0.9424429528480108 l_q_formula = 0.9424429528480105
sum of P = 0.9999999999999999
########

########
[10, 147, 23],
 w_s = 0.09694074851681665 w_s_formula = 0.04888730523602428
l_q = 0.7951295218694828 l_q_formula = 0.7951295218694832
sum of P = 0.9999999999999999
########

########
[7, 137, 15],
 w_s = 0.14641568255365367 w_s_formula = 0.08820697229806164
l_q = 2.951021871501111 l_q_formula = 2.951021871501111
sum of P = 1.0
########

########
[11, 129, 15],
 w_s = 0.14410912479876614 w_s_formula = 0.07492400189164461
l_q = 1.0651962440221554 l_q_formula = 1.0651962440221556
sum of P = 0.9999999999999998
########

########
[11, 124, 6],
 w_s = 0.35112320837926425 w_s_formula = 0.3554735390243691
l_q = 23.412052172355107 l_q_formula = 23.412052172355146
sum of P = 1.0
########

########
[11, 62, 24],
 w_s = 0.09317539441004552 w_s_formula = 0.045606373322115125
l_q = 0.24426181263780464 l_q_formula = 0.24426181263780464
sum of P = 0.9999999999999998
########

########
[19, 113, 12],
 w_s = 0.17699521839889382 w_s_formula = 0.08838701364596253
l_q = 0.5710658753271003 l_q_formula = 0.5710658753271002
sum of P = 0.9999999999999997
########

########
[18, 61, 28],
 w_s = 0.08118415329594877 w_s_formula = 0.03772232440992829
l_q = 0.12249036043419725 l_q_formula = 0.12249036043419727
sum of P = 1.0000000000000002
########

########
[9, 63, 23],
 w_s = 0.09721158970364074 w_s_formula = 0.04861645533010397
l_q = 0.32370625101394124 l_q_formula = 0.32370625101394124
sum of P = 0.9999999999999998
########

########
[12, 190, 28],
 w_s = 0.08110714963165028 w_s_formula = 0.039267687115205195
l_q = 0.6751462661747012 l_q_formula = 0.6751462661747014
sum of P = 0.9999999999999998
########

########
[16, 127, 19],
 w_s = 0.1150973199369453 w_s_formula = 0.05628896924127036
l_q = 0.4644885673255463 l_q_formula = 0.4644885673255463
sum of P = 1.0000000000000002
########

########
[16, 67, 17],
 w_s = 0.1274779515384247 w_s_formula = 0.06266046526933396
l_q = 0.25707470245714 l_q_formula = 0.25707470245714
sum of P = 0.9999999999999998
########

########
[6, 47, 19],
 w_s = 0.11754641694084314 w_s_formula = 0.062361674015988584
l_q = 0.4573144682251479 l_q_formula = 0.4573144682251481
sum of P = 1.0
########

########
[16, 133, 17],
 w_s = 0.12760167535874006 w_s_formula = 0.06304613782935627
l_q = 0.5616069195396782 l_q_formula = 0.5616069195396782
sum of P = 0.9999999999999999
########

########
[11, 63, 17],
 w_s = 0.12803754914541288 w_s_formula = 0.06457861439857845
l_q = 0.3625703541692658 l_q_formula = 0.36257035416926586
sum of P = 0.9999999999999999
########

########
[15, 76, 17],
 w_s = 0.12748696142388094 w_s_formula = 0.06298541579629618
l_q = 0.3163033652243927 l_q_formula = 0.31630336522439273
sum of P = 1.0
########

########
[12, 85, 19],
 w_s = 0.11546917153704273 w_s_formula = 0.05741779492907381
l_q = 0.4068283584449587 l_q_formula = 0.4068283584449588
sum of P = 1.0000000000000002
########

########
[5, 96, 13],
 w_s = 0.17213304947842445 w_s_formula = 0.12254749157351966
l_q = 4.379943806442501 l_q_formula = 4.379943806442505
sum of P = 1.0000000000000004
########

########
[11, 46, 27],
 w_s = 0.08388897889382013 w_s_formula = 0.040467778944902465
l_q = 0.15781412776180967 l_q_formula = 0.15781412776180967
sum of P = 0.9999999999999999
########

########
[12, 158, 29],
 w_s = 0.07875428479426193 w_s_formula = 0.037729584071310794
l_q = 0.5129984211981395 l_q_formula = 0.5129984211981394
sum of P = 1.0
########

########
[17, 97, 3],
 w_s = 0.6880630344785783 w_s_formula = 0.6350132740937053
l_q = 29.26295425375608 l_q_formula = 29.26295425375613
sum of P = 1.0
########

########
[18, 101, 22],
 w_s = 0.10072512878325086 w_s_formula = 0.04809707737971354
l_q = 0.26689572444197657 l_q_formula = 0.2668957244419765
sum of P = 0.9999999999999999
########

########
[9, 26, 21],
 w_s = 0.1056051101012271 w_s_formula = 0.052990724958889214
l_q = 0.13966361083588158 l_q_formula = 0.13966361083588155
sum of P = 1.0
########

########
[14, 143, 27],
 w_s = 0.08364023063267843 w_s_formula = 0.03993034822392683
l_q = 0.413743499725241 l_q_formula = 0.413743499725241
sum of P = 1.0
########

########
[3, 14, 18],
 w_s = 0.1325447419370176 w_s_formula = 0.0749595811908104
l_q = 0.271656358893568 l_q_formula = 0.2716563588935681
sum of P = 0.9999999999999999
########

########
[16, 23, 28],
 w_s = 0.08113734490275348 w_s_formula = 0.03795178849744375
l_q = 0.05146256401263494 l_q_formula = 0.05146256401263493
sum of P = 1.0
########

########
[8, 35, 20],
 w_s = 0.11087699635750897 w_s_formula = 0.05647062771940183
l_q = 0.22647197017906393 l_q_formula = 0.22647197017906395
sum of P = 1.0
########

########
[9, 71, 29],
 w_s = 0.07896602913210882 w_s_formula = 0.038513766627558295
l_q = 0.2862015684876736 l_q_formula = 0.28620156848767364
sum of P = 0.9999999999999999
########

########
[17, 127, 4],
 w_s = 0.5169923781792927 w_s_formula = 0.4179392257347539
l_q = 21.328281668313746 l_q_formula = 21.32828166831375
sum of P = 1.0
########

########
[12, 143, 21],
 w_s = 0.10516629729464047 w_s_formula = 0.05236193452125342
l_q = 0.6782328270154301 l_q_formula = 0.6782328270154302
sum of P = 1.0
########

########
[6, 36, 27],
 w_s = 0.08487257556963207 w_s_formula = 0.04343401349263858
l_q = 0.23029115240165568 l_q_formula = 0.23029115240165568
sum of P = 1.0
########

########
[11, 16, 14],
 w_s = 0.15378770906739542 w_s_formula = 0.07798107952128294
l_q = 0.10484012948338438 l_q_formula = 0.1048401294833844
sum of P = 0.9999999999999998
########

########
[19, 66, 17],
 w_s = 0.12720047767093068 w_s_formula = 0.062016214487888806
l_q = 0.21071721502419072 l_q_formula = 0.2107172150241907
sum of P = 1.0
########

########
[13, 125, 16],
 w_s = 0.13516748491796454 w_s_formula = 0.06835223255761878
l_q = 0.7315290697023481 l_q_formula = 0.731529069702348
sum of P = 0.9999999999999997
########

########
[19, 48, 14],
 w_s = 0.1526068883409479 w_s_formula = 0.07528184880040716
l_q = 0.18495731384811478 l_q_formula = 0.1849573138481148
sum of P = 1.0
########

########
[14, 45, 15],
 w_s = 0.14359012007307864 w_s_formula = 0.07159057067926174
l_q = 0.22157568056677823 l_q_formula = 0.22157568056677823
sum of P = 1.0
########

########
[4, 62, 17],
 w_s = 0.1360037428876426 w_s_formula = 0.0809015435371428
l_q = 1.368836875773442 l_q_formula = 1.3688368757734422
sum of P = 0.9999999999999997
########

########
[9, 31, 29],
 w_s = 0.07906173841003747 w_s_formula = 0.03835877500558386
l_q = 0.12015650793172034 l_q_formula = 0.12015650793172031
sum of P = 0.9999999999999998
########

########
[19, 26, 20],
 w_s = 0.1098089780324541 w_s_formula = 0.05264250029269531
l_q = 0.0687050076100779 l_q_formula = 0.06870500761007793
sum of P = 0.9999999999999999
########

########
[6, 56, 16],
 w_s = 0.13874604444835772 w_s_formula = 0.07505719658624299
l_q = 0.7032030088296074 l_q_formula = 0.7032030088296073
sum of P = 1.0
########

########
[17, 158, 16],
 w_s = 0.1348466912799624 w_s_formula = 0.06692604242600164
l_q = 0.6993147033082585 l_q_formula = 0.6993147033082584
sum of P = 1.0
########

########
[9, 51, 18],
 w_s = 0.12184829306012529 w_s_formula = 0.06214535253366502
l_q = 0.3360796458835829 l_q_formula = 0.336079645883583
sum of P = 1.0
########

########
[8, 91, 15],
 w_s = 0.14548319327730236 w_s_formula = 0.07783998052839221
l_q = 1.016771561417024 l_q_formula = 1.0167715614170239
sum of P = 1.0000000000000004
########

########
[17, 156, 15],
 w_s = 0.14326106219193213 w_s_formula = 0.07146928456898091
l_q = 0.7492083927610222 l_q_formula = 0.7492083927610224
sum of P = 0.9999999999999998
########

########
[16, 68, 25],
 w_s = 0.08967147807945894 w_s_formula = 0.042556043634207535
l_q = 0.1738109671261126 l_q_formula = 0.17381096712611266
sum of P = 0.9999999999999999
########

########
[16, 14, 15],
 w_s = 0.1433905725718164 w_s_formula = 0.07084610412706847
l_q = 0.05851212444562539 l_q_formula = 0.058512124445625396
sum of P = 1.0
########

########
[8, 51, 24],
 w_s = 0.09367388131186968 w_s_formula = 0.047135047018601696
l_q = 0.2788873979486867 l_q_formula = 0.2788873979486867
sum of P = 1.0
########

########
[18, 14, 27],
 w_s = 0.08384830265873396 w_s_formula = 0.0390962671092782
l_q = 0.028829221011376284 l_q_formula = 0.028829221011376284
sum of P = 1.0
########

########
[18, 114, 26],
 w_s = 0.0868361912612007 w_s_formula = 0.04068971332613579
l_q = 0.25401193456409504 l_q_formula = 0.2540119345640951
sum of P = 0.9999999999999999
########

########
[12, 37, 13],
 w_s = 0.1647902409227302 w_s_formula = 0.08359484701747787
l_q = 0.2468554934928349 l_q_formula = 0.24685549349283487
sum of P = 0.9999999999999999
########

########
[10, 28, 22],
 w_s = 0.10123202327606348 w_s_formula = 0.050060090483400425
l_q = 0.1289552608079391 l_q_formula = 0.12895526080793912
sum of P = 1.0
########

########
[6, 37, 29],
 w_s = 0.07956274097686164 w_s_formula = 0.040422723195668545
l_q = 0.21977868927421884 l_q_formula = 0.2197786892742189
sum of P = 1.0
########

########
[10, 17, 13],
 w_s = 0.16573819791725838 w_s_formula = 0.08472226640328163
l_q = 0.13258622116347993 l_q_formula = 0.13258622116347993
sum of P = 1.0
########

########
[13, 106, 24],
 w_s = 0.09301086655957524 w_s_formula = 0.045119709321834414
l_q = 0.36602252144778186 l_q_formula = 0.36602252144778186
sum of P = 1.0
########

########
[7, 45, 19],
 w_s = 0.11680217997445742 w_s_formula = 0.06072770062947836
l_q = 0.36432547569494733 l_q_formula = 0.3643254756949474
sum of P = 0.9999999999999999
########

########
[9, 101, 27],
 w_s = 0.08391112066458441 w_s_formula = 0.04160835031843593
l_q = 0.4617026414212887 l_q_formula = 0.46170264142128886
sum of P = 0.9999999999999999
########

########
[7, 83, 7],
 w_s = 0.3086588066235637 w_s_formula = 0.244718407544533
l_q = 8.454484969053384 l_q_formula = 8.454484969053395
sum of P = 0.999999999999999
########

########
[14, 93, 12],
 w_s = 0.17728632243385278 w_s_formula = 0.09039553983698984
l_q = 0.6567852048400558 l_q_formula = 0.656785204840056
sum of P = 1.0
########

########
[9, 38, 21],
 w_s = 0.10557472214849922 w_s_formula = 0.053070598546929984
l_q = 0.20715893525953 l_q_formula = 0.20715893525952997
sum of P = 0.9999999999999997
########

########
[11, 38, 25],
 w_s = 0.08987877819780576 w_s_formula = 0.04369226238213427
l_q = 0.14030597052110233 l_q_formula = 0.14030597052110239
sum of P = 1.0
########

########
[8, 154, 14],
 w_s = 0.1554716105817059 w_s_formula = 0.09376368704829294
l_q = 3.439607805437112 l_q_formula = 3.439607805437112
sum of P = 0.9999999999999999
########

########
[15, 65, 20],
 w_s = 0.10985956336220737 w_s_formula = 0.053449001159430395
l_q = 0.22418507536297555 l_q_formula = 0.22418507536297558
sum of P = 1.0
########

########
[14, 103, 16],
 w_s = 0.13505095537609424 w_s_formula = 0.06755760567872146
l_q = 0.5209333849083106 l_q_formula = 0.5209333849083106
sum of P = 0.9999999999999999
########

########
[16, 57, 14],
 w_s = 0.1529131098995606 w_s_formula = 0.07609934158206048
l_q = 0.2662338987488765 l_q_formula = 0.26623389874887654
sum of P = 1.0
########

########
[16, 19, 17],
 w_s = 0.1275780215490048 w_s_formula = 0.06251586787634969
l_q = 0.07015443082711484 l_q_formula = 0.07015443082711482
sum of P = 0.9999999999999999
########

########
[12, 142, 28],
 w_s = 0.08122302261610531 w_s_formula = 0.039030321781179114
l_q = 0.470877121498863 l_q_formula = 0.47087712149886307
sum of P = 1.0
########

########
[11, 117, 16],
 w_s = 0.1354842963040429 w_s_formula = 0.06967705049281711
l_q = 0.8397149076596021 l_q_formula = 0.839714907659602
sum of P = 1.0
########

########
[14, 159, 6],
 w_s = 0.34809066455433657 w_s_formula = 0.32829403089218023
l_q = 25.698750911856653 l_q_formula = 26.662601021279492
sum of P = 0.9638501094227984
########

########
[5, 21, 11],
 w_s = 0.20252154356058774 w_s_formula = 0.11082233078420811
l_q = 0.4181780373774611 l_q_formula = 0.4181780373774612
sum of P = 1.0
########

########
[7, 61, 19],
 w_s = 0.11686102361575454 w_s_formula = 0.06114504801459463
l_q = 0.519321613100799 l_q_formula = 0.5193216131007988
sum of P = 1.0000000000000002
########

########
[8, 197, 16],
 w_s = 0.13674124183219458 w_s_formula = 0.08867288793532319
l_q = 5.156058923258667 l_q_formula = 5.1560589232586675
sum of P = 0.9999999999999996
########

########
[11, 164, 28],
 w_s = 0.081172417854189 w_s_formula = 0.039524561995942724
l_q = 0.6248853101917503 l_q_formula = 0.6248853101917504
sum of P = 0.9999999999999999
########

########
[11, 88, 27],
 w_s = 0.08395713788904219 w_s_formula = 0.04060823319402199
l_q = 0.31426526181467623 l_q_formula = 0.3142652618146762
sum of P = 0.9999999999999999
########

########
[16, 151, 18],
 w_s = 0.12095962937237878 w_s_formula = 0.05961359287512415
l_q = 0.6127636352548578 l_q_formula = 0.6127636352548576
sum of P = 1.0000000000000002
########

########
[19, 111, 14],
 w_s = 0.15288183602122224 w_s_formula = 0.07560759881146294
l_q = 0.4638720395009584 l_q_formula = 0.4638720395009585
sum of P = 1.0000000000000002
########

########
[9, 20, 21],
 w_s = 0.10567440807223606 w_s_formula = 0.05295979406383551
l_q = 0.10681492889575792 l_q_formula = 0.1068149288957579
sum of P = 0.9999999999999999
########

########
[16, 51, 22],
 w_s = 0.10063233899887805 w_s_formula = 0.04834307636777177
l_q = 0.14731507657454196 l_q_formula = 0.14731507657454196
sum of P = 1.0
########

########
[7, 21, 20],
 w_s = 0.11157127829507063 w_s_formula = 0.05727041266495948
l_q = 0.1526786659641491 l_q_formula = 0.15267866596414914
sum of P = 1.0
########

########
[8, 160, 21],
 w_s = 0.10593983681236202 w_s_formula = 0.056859717471132526
l_q = 1.4785071763335855 l_q_formula = 1.4785071763335862
sum of P = 0.9999999999999997
########

########
[19, 75, 13],
 w_s = 0.16363281079390246 w_s_formula = 0.08122811688649828
l_q = 0.3228779972566011 l_q_formula = 0.32287799725660105
sum of P = 0.9999999999999998
########

########
[5, 17, 29],
 w_s = 0.07995353027970037 w_s_formula = 0.04145768720547735
l_q = 0.1185737859413908 l_q_formula = 0.11857378594139081
sum of P = 0.9999999999999997
########

########
[7, 106, 9],
 w_s = 0.24059493728318712 w_s_formula = 0.18756392406487055
l_q = 8.103998173098502 l_q_formula = 8.103998173098502
sum of P = 0.9999999999999997
########

########
[17, 114, 18],
 w_s = 0.12096927456641175 w_s_formula = 0.059121387891899836
l_q = 0.4065048863432481 l_q_formula = 0.4065048863432481
sum of P = 1.0
########

########
[7, 158, 28],
 w_s = 0.08165642368048254 w_s_formula = 0.04278517514356015
l_q = 1.117200529825361 l_q_formula = 1.1172005298253604
sum of P = 1.0000000000000004
########

########
[19, 14, 19],
 w_s = 0.11498501243313097 w_s_formula = 0.05540553875752685
l_q = 0.03883543734221802 l_q_formula = 0.03883543734221801
sum of P = 0.9999999999999999
########

########
[15, 160, 29],
 w_s = 0.0788309839197189 w_s_formula = 0.03698641671709137
l_q = 0.40058529542427385 l_q_formula = 0.4005852954242739
sum of P = 1.0
########

########
[8, 189, 29],
 w_s = 0.07889870907314722 w_s_formula = 0.04049300468217634
l_q = 1.1359365056209847 l_q_formula = 1.1359365056209847
sum of P = 1.0
########

########
[5, 20, 14],
 w_s = 0.15964294396149253 w_s_formula = 0.08652638552432058
l_q = 0.3019562819149833 l_q_formula = 0.3019562819149833
sum of P = 1.0
########

########
[10, 12, 29],
 w_s = 0.078858298396974 w_s_formula = 0.03793650414948951
l_q = 0.04144494634559823 l_q_formula = 0.041444946345598234
sum of P = 1.0
########

########
[16, 30, 23],
 w_s = 0.096530671945713 w_s_formula = 0.04621134690404985
l_q = 0.0819925810345389 l_q_formula = 0.08199258103453888
sum of P = 1.0
########

########
[19, 14, 25],
 w_s = 0.08971676054840291 w_s_formula = 0.04210699295190385
l_q = 0.029497901326653912 l_q_formula = 0.02949790132665392
sum of P = 0.9999999999999999
########

########
[16, 43, 20],
 w_s = 0.10989466885278124 w_s_formula = 0.053170641902621475
l_q = 0.13633760181272342 l_q_formula = 0.13633760181272345
sum of P = 1.0
########

########
[5, 61, 16],
 w_s = 0.14057006346844192 w_s_formula = 0.07930716131644187
l_q = 1.0252368403029544 l_q_formula = 1.0252368403029537
sum of P = 1.0
########

########
[18, 148, 19],
 w_s = 0.11499946573483505 w_s_formula = 0.055903939384205806
l_q = 0.48430934465193304 l_q_formula = 0.48430934465193304
sum of P = 1.0000000000000002
########

########
[15, 25, 21],
 w_s = 0.10509396489411965 w_s_formula = 0.050811084769322605
l_q = 0.07980092875687472 l_q_formula = 0.07980092875687475
sum of P = 0.9999999999999999
########

########
[17, 83, 19],
 w_s = 0.11505635500814665 w_s_formula = 0.05587326992030225
l_q = 0.269060350753508 l_q_formula = 0.26906035075350804
sum of P = 0.9999999999999999
########

########
[13, 35, 23],
 w_s = 0.0966932933891788 w_s_formula = 0.04686064097052862
l_q = 0.11838330353371895 l_q_formula = 0.11838330353371895
sum of P = 1.0000000000000002
########

########
[17, 54, 17],
 w_s = 0.12756227016241795 w_s_formula = 0.06237575385907443
l_q = 0.19182012015472505 l_q_formula = 0.19182012015472505
sum of P = 1.0000000000000002
########

########
[17, 71, 29],
 w_s = 0.07849765574420894 w_s_formula = 0.03654478601455338
l_q = 0.14640394496432466 l_q_formula = 0.14640394496432466
sum of P = 1.0
########

########
[12, 151, 24],
 w_s = 0.09303855704845086 w_s_formula = 0.04572470398623526
l_q = 0.6127636352548578 l_q_formula = 0.6127636352548576
sum of P = 1.0000000000000002
########

########
[10, 86, 25],
 w_s = 0.0897413329329668 w_s_formula = 0.044316326499269094
l_q = 0.37120407893714225 l_q_formula = 0.37120407893714225
sum of P = 1.0
########

########
[3, 135, 24],
 w_s = 0.10458754137554041 w_s_formula = 0.20243826530355033
l_q = 21.704165815979295 l_q_formula = 22.66190378969064
sum of P = 0.9577379737113242
########

########
[16, 10, 19],
 w_s = 0.11496002789668858 w_s_formula = 0.05592439892249583
l_q = 0.03292819975127411 l_q_formula = 0.03292819975127412
sum of P = 0.9999999999999999
########

########
[12, 198, 29],
 w_s = 0.07879544491842132 w_s_formula = 0.03792002854207476
l_q = 0.680579444434251 l_q_formula = 0.6805794444342512
sum of P = 0.9999999999999997
########

########
[10, 101, 14],
 w_s = 0.15417582943939806 w_s_formula = 0.08077563191229745
l_q = 0.944053108856328 l_q_formula = 0.9440531088563281
sum of P = 1.0
########

########
[13, 196, 18],
 w_s = 0.12100579625988059 w_s_formula = 0.06161488241590862
l_q = 1.187628064629202 l_q_formula = 1.187628064629202
sum of P = 0.9999999999999998
########

########
[19, 47, 11],
 w_s = 0.1920870777902011 w_s_formula = 0.09587125019171472
l_q = 0.23322148628331896 l_q_formula = 0.2332214862833189
sum of P = 1.0
########

########
[11, 67, 15],
 w_s = 0.14398115840892373 w_s_formula = 0.07337150677756227
l_q = 0.4492242874300049 l_q_formula = 0.44922428743000486
sum of P = 1.0
########

########
[14, 69, 11],
 w_s = 0.19275423700323782 w_s_formula = 0.09822618719718824
l_q = 0.5048796438787158 l_q_formula = 0.5048796438787155
sum of P = 0.9999999999999999
########

########
[14, 124, 25],
 w_s = 0.0897488255666341 w_s_formula = 0.043095253097113796
l_q = 0.38381138404211074 l_q_formula = 0.3838113840421108
sum of P = 1.0
########

########
[18, 61, 29],
 w_s = 0.07862693345288516 w_s_formula = 0.036420107627038165
l_q = 0.11817828938725913 l_q_formula = 0.11817828938725915
sum of P = 1.0
########

########
[9, 55, 17],
 w_s = 0.1286113010464783 w_s_formula = 0.06591846561674194
l_q = 0.3902214912737479 l_q_formula = 0.3902214912737479
sum of P = 1.0
########

########
[17, 150, 28],
 w_s = 0.08120500157961164 w_s_formula = 0.03795728125032726
l_q = 0.33644933040623204 l_q_formula = 0.3364493304062322
sum of P = 0.9999999999999999
########

########
[18, 106, 16],
 w_s = 0.13481720792268334 w_s_formula = 0.06628192587654272
l_q = 0.4008841429135288 l_q_formula = 0.4008841429135288
sum of P = 0.9999999999999999
########

########
[14, 92, 29],
 w_s = 0.0787541379098918 w_s_formula = 0.0370384251749003
l_q = 0.2351213229873797 l_q_formula = 0.23512132298737973
sum of P = 1.0
########

########
[15, 39, 11],
 w_s = 0.19264140989101625 w_s_formula = 0.09721542895509179
l_q = 0.24594718379403424 l_q_formula = 0.24594718379403432
sum of P = 1.0
########

########
[10, 33, 27],
 w_s = 0.08405121910990587 w_s_formula = 0.04078618813138334
l_q = 0.12372198611342825 l_q_formula = 0.12372198611342826
sum of P = 0.9999999999999999
########

########
[7, 48, 25],
 w_s = 0.09057370773171652 w_s_formula = 0.046016367203003714
l_q = 0.2887856257441783 l_q_formula = 0.28878562574417826
sum of P = 0.9999999999999999
########

########
[13, 109, 25],
 w_s = 0.08981879536705711 w_s_formula = 0.04330951691426392
l_q = 0.36073734365476734 l_q_formula = 0.36073734365476734
sum of P = 1.0000000000000002
########

########
[8, 162, 23],
 w_s = 0.09754785458192394 w_s_formula = 0.051437996820967585
l_q = 1.2894772241271832 l_q_formula = 1.2894772241271835
sum of P = 0.9999999999999997
########

########
[5, 39, 28],
 w_s = 0.08262404420032535 w_s_formula = 0.04324530871673233
l_q = 0.2937098970954181 l_q_formula = 0.29370989709541817
sum of P = 1.0
########

########
[6, 195, 27],
 w_s = 0.08480622218862385 w_s_formula = 0.04933371005345111
l_q = 2.3978512382007438 l_q_formula = 2.3978512382007464
sum of P = 0.9999999999999997
########

########
[4, 24, 16],
 w_s = 0.14350439327822392 w_s_formula = 0.07956588243697679
l_q = 0.4095811784874431 l_q_formula = 0.4095811784874431
sum of P = 0.9999999999999999
########

########
[8, 101, 7],
 w_s = 0.30562711505647455 w_s_formula = 0.2807955862333408
l_q = 13.931782780995992 l_q_formula = 13.931782780995972
sum of P = 0.9999999999999992
########

########
[8, 112, 12],
 w_s = 0.18032658091799614 w_s_formula = 0.10322874124144557
l_q = 2.228285685708571 l_q_formula = 2.22828568570857
sum of P = 0.9999999999999993
########

########
[16, 61, 11],
 w_s = 0.19232622524670578 w_s_formula = 0.09704627550397184
l_q = 0.37436826028773673 l_q_formula = 0.37436826028773695
sum of P = 1.0
########

########
[3, 32, 21],
 w_s = 0.11537465904671965 w_s_formula = 0.06601915263777988
l_q = 0.5888033605994323 l_q_formula = 0.5888033605994324
sum of P = 0.9999999999999998
########

########
[6, 25, 11],
 w_s = 0.19949508866084575 w_s_formula = 0.10748309331377058
l_q = 0.4143500601169917 l_q_formula = 0.4143500601169916
sum of P = 0.9999999999999999
########

########
[17, 11, 28],
 w_s = 0.0809680023756999 w_s_formula = 0.03781619948607374
l_q = 0.023121051489668278 l_q_formula = 0.023121051489668275
sum of P = 1.0
########

########
[3, 144, 26],
 w_s = 0.0963929446021955 w_s_formula = 0.16457796285292273
l_q = 18.160765112359332 l_q_formula = 18.160765112359393
sum of P = 0.9999999999999989
########

########
[7, 115, 13],
 w_s = 0.167909383938861 w_s_formula = 0.10047413866034671
l_q = 2.7083720997860246 l_q_formula = 2.708372099786026
sum of P = 0.9999999999999994
########

########
[6, 44, 26],
 w_s = 0.08810271855521096 w_s_formula = 0.04522792914442478
l_q = 0.2977211900469979 l_q_formula = 0.2977211900469979
sum of P = 1.0000000000000002
########

########
[19, 22, 21],
 w_s = 0.10511575132971546 w_s_formula = 0.05013221194240233
l_q = 0.055289615113803696 l_q_formula = 0.05528961511380371
sum of P = 1.0
########

########
[13, 27, 23],
 w_s = 0.09671905327362237 w_s_formula = 0.04684614171188558
l_q = 0.09093278274264975 l_q_formula = 0.09093278274264974
sum of P = 0.9999999999999999
########

########
[12, 26, 13],
 w_s = 0.16448271894641897 w_s_formula = 0.08347196974198398
l_q = 0.17027121329158332 l_q_formula = 0.17027121329158335
sum of P = 1.0
########

########
[14, 75, 24],
 w_s = 0.09321917090641696 w_s_formula = 0.04475178835088997
l_q = 0.23138412631674812 l_q_formula = 0.23138412631674815
sum of P = 1.0
########

########
[11, 156, 11],
 w_s = 0.19396276196021325 w_s_formula = 0.10921713985836924
l_q = 2.8560556360874196 l_q_formula = 2.856055636087419
sum of P = 0.9999999999999994
########

########
[13, 112, 26],
 w_s = 0.08669269624053441 w_s_formula = 0.04163901691298203
l_q = 0.35587758656167945 l_q_formula = 0.3558775865616794
sum of P = 0.9999999999999999
########

########
[16, 116, 15],
 w_s = 0.14331889051296906 w_s_formula = 0.07143939594998047
l_q = 0.5536365968644014 l_q_formula = 0.5536365968644014
sum of P = 1.0
########

########
[17, 11, 25],
 w_s = 0.08968881376500216 w_s_formula = 0.04235444169061979
l_q = 0.025898858596817672 l_q_formula = 0.025898858596817675
sum of P = 1.0
########

########
[5, 50, 23],
 w_s = 0.0991416250759018 w_s_formula = 0.05321874215327315
l_q = 0.48702406418539684 l_q_formula = 0.4870240641853966
sum of P = 0.9999999999999998
########

########
[6, 78, 20],
 w_s = 0.11209066222903463 w_s_formula = 0.0604338394876592
l_q = 0.8138394800374175 l_q_formula = 0.8138394800374176
sum of P = 0.9999999999999998
########

########
[19, 43, 21],
 w_s = 0.10502092124899437 w_s_formula = 0.050149686180889344
l_q = 0.1088174581591944 l_q_formula = 0.10881745815919441
sum of P = 0.9999999999999999
########

########
[10, 41, 20],
 w_s = 0.11026204427082728 w_s_formula = 0.05515710140854137
l_q = 0.211441157750196 l_q_formula = 0.21144115775019606
sum of P = 0.9999999999999999
########

########
[14, 26, 11],
 w_s = 0.1928036831869081 w_s_formula = 0.09754635727397397
l_q = 0.17256892548695957 l_q_formula = 0.1725689254869596
sum of P = 1.0000000000000004
########

########
[19, 157, 20],
 w_s = 0.10988240465988114 w_s_formula = 0.052920124716095356
l_q = 0.45845958042697027 l_q_formula = 0.4584595804269704
sum of P = 0.9999999999999998
########

########
[6, 73, 21],
 w_s = 0.10698393377388037 w_s_formula = 0.057165810379699
l_q = 0.6969136815275511 l_q_formula = 0.6969136815275513
sum of P = 1.0
########

########
[11, 46, 26],
 w_s = 0.08675945898783083 w_s_formula = 0.04202893248984984
l_q = 0.16410012530232332 l_q_formula = 0.1641001253023233
sum of P = 1.0
########

########
[12, 169, 29],
 w_s = 0.07875580347078492 w_s_formula = 0.037777910700664975
l_q = 0.5568807015158292 l_q_formula = 0.5568807015158294
sum of P = 1.0000000000000002
########

########
[19, 59, 22],
 w_s = 0.10055239763524935 w_s_formula = 0.04788512245488987
l_q = 0.1434040430203203 l_q_formula = 0.14340404302032037
sum of P = 1.0
########

########
[11, 63, 21],
 w_s = 0.10517511514313513 w_s_formula = 0.0521745921974047
l_q = 0.2869993084364964 l_q_formula = 0.28699930843649646
sum of P = 0.9999999999999997
########

########
[11, 11, 18],
 w_s = 0.12146670110636475 w_s_formula = 0.06062016431157166
l_q = 0.0557106963161772 l_q_formula = 0.055710696316177206
sum of P = 1.0
########

########
[19, 10, 29],
 w_s = 0.07863449537544931 w_s_formula = 0.0362982178609824
l_q = 0.01815459240292743 l_q_formula = 0.01815459240292743
sum of P = 1.0
########

########
[4, 21, 25],
 w_s = 0.09341172313610197 w_s_formula = 0.0503280925329217
l_q = 0.2168899431913557 l_q_formula = 0.21688994319135577
sum of P = 0.9999999999999999
########

########
[11, 133, 22],
 w_s = 0.10084383667179185 w_s_formula = 0.05034702175859545
l_q = 0.6506993484386494 l_q_formula = 0.6506993484386496
sum of P = 1.0
########

########
[9, 51, 16],
 w_s = 0.1361711306814867 w_s_formula = 0.07002283847415122
l_q = 0.38366476218171236 l_q_formula = 0.38366476218171225
sum of P = 1.0
########

########
[8, 174, 21],
 w_s = 0.10609174514533162 w_s_formula = 0.05756988110835692
l_q = 1.7314450271398185 l_q_formula = 1.7314450271398183
sum of P = 1.0
########

########
[9, 24, 25],
 w_s = 0.09013043478259322 w_s_formula = 0.044486849227676734
l_q = 0.1076843814642415 l_q_formula = 0.10768438146424147
sum of P = 0.9999999999999997
########

########
[13, 15, 26],
 w_s = 0.0865450700502266 w_s_formula = 0.041425488813092326
l_q = 0.04445925527330789 l_q_formula = 0.0444592552733079
sum of P = 0.9999999999999999
########

########
[14, 83, 28],
 w_s = 0.08112550092898108 w_s_formula = 0.03835024752901108
l_q = 0.21878483062220588 l_q_formula = 0.2187848306222059
sum of P = 1.0
########

########
[17, 190, 29],
 w_s = 0.07864811562044513 w_s_formula = 0.03670755820406455
l_q = 0.4227119208412305 l_q_formula = 0.4227119208412304
sum of P = 0.9999999999999998
########

########
[6, 79, 20],
 w_s = 0.11228665214907396 w_s_formula = 0.06048571645915295
l_q = 0.8283716002730827 l_q_formula = 0.828371600273083
sum of P = 0.9999999999999998
########

########
[16, 106, 26],
 w_s = 0.08660349641675469 w_s_formula = 0.040976836180112435
l_q = 0.2666215581688411 l_q_formula = 0.26662155816884114
sum of P = 1.0
########

########
[17, 33, 16],
 w_s = 0.1350039736768181 w_s_formula = 0.06622097460954784
l_q = 0.12279216211507885 l_q_formula = 0.12279216211507885
sum of P = 0.9999999999999999
########

########
[8, 10, 13],
 w_s = 0.16681949932703843 w_s_formula = 0.08661410427818472
l_q = 0.0969102735510779 l_q_formula = 0.09691027355107791
sum of P = 1.0
########

########
[12, 73, 27],
 w_s = 0.08379659801994152 w_s_formula = 0.04023832651000512
l_q = 0.23369413152667035 l_q_formula = 0.2336941315266703
sum of P = 0.9999999999999996
########

########
[7, 72, 6],
 w_s = 0.3589729003240333 w_s_formula = 0.2938243641331545
l_q = 9.155354217587124 l_q_formula = 9.155354217587142
sum of P = 1.0
########

########
[5, 19, 14],
 w_s = 0.1598220049154822 w_s_formula = 0.08645554307902832
l_q = 0.28551246135868114 l_q_formula = 0.28551246135868125
sum of P = 1.0000000000000002
########

########
[15, 177, 26],
 w_s = 0.08660177476981762 w_s_formula = 0.04135847190944383
l_q = 0.5127572202792495 l_q_formula = 0.5127572202792492
sum of P = 1.0000000000000002
########

########
[11, 199, 29],
 w_s = 0.07877944668959908 w_s_formula = 0.03834828973061908
l_q = 0.7692406908759559 l_q_formula = 0.7692406908759559
sum of P = 1.0000000000000002
########

########
[15, 86, 24],
 w_s = 0.09294464935436782 w_s_formula = 0.044559230006862474
l_q = 0.2487604472568398 l_q_formula = 0.2487604472568398
sum of P = 1.0000000000000002
########

########
[8, 12, 26],
 w_s = 0.08725702747718149 w_s_formula = 0.043283659091663804
l_q = 0.05786544756150412 l_q_formula = 0.05786544756150413
sum of P = 1.0
########

########
[13, 43, 21],
 w_s = 0.10494735672716024 w_s_formula = 0.05135354722421635
l_q = 0.16058348302225553 l_q_formula = 0.16058348302225553
sum of P = 1.0
########

########
[11, 178, 19],
 w_s = 0.11547956255981974 w_s_formula = 0.05948709958790107
l_q = 1.2202826740148125 l_q_formula = 1.220282674014812
sum of P = 0.9999999999999994
########

########
[11, 186, 12],
 w_s = 0.17838889970998303 w_s_formula = 0.10332392664624049
l_q = 3.718250356200733 l_q_formula = 3.7182503562007345
sum of P = 0.9999999999999996
########

########
[13, 175, 29],
 w_s = 0.07857186073561685 w_s_formula = 0.0374938814874617
l_q = 0.5269465016851078 l_q_formula = 0.5269465016851075
sum of P = 0.9999999999999997
########

########
[8, 82, 20],
 w_s = 0.11089321918637193 w_s_formula = 0.05726142619248739
l_q = 0.5954369477839657 l_q_formula = 0.5954369477839657
sum of P = 0.9999999999999999
########

########
[8, 160, 18],
 w_s = 0.12249554816938038 w_s_formula = 0.06805555555555555
l_q = 2.0000000000000004 l_q_formula = 2.000000000000001
sum of P = 0.9999999999999999
########

########
[15, 119, 19],
 w_s = 0.1150318047555342 w_s_formula = 0.056532426146810456
l_q = 0.4642008167336024 l_q_formula = 0.46420081673360236
sum of P = 0.9999999999999999
########

########
[19, 81, 19],
 w_s = 0.11513885588215306 w_s_formula = 0.0555039965479105
l_q = 0.23266582564390884 l_q_formula = 0.23266582564390884
sum of P = 1.0
########

########
[12, 18, 24],
 w_s = 0.09309284854887179 w_s_formula = 0.0451510249283139
l_q = 0.06271844870965032 l_q_formula = 0.06271844870965032
sum of P = 1.0
########

########
[18, 29, 29],
 w_s = 0.0785212603790032 w_s_formula = 0.036403817114350936
l_q = 0.0557106963161772 l_q_formula = 0.055710696316177206
sum of P = 1.0
########

########
[3, 38, 26],
 w_s = 0.0939647966471057 w_s_formula = 0.05317388070083661
l_q = 0.5590690050933296 l_q_formula = 0.5590690050933295
sum of P = 1.0
########

########
[6, 118, 26],
 w_s = 0.08787739492186959 w_s_formula = 0.04704528829885792
l_q = 1.012882480803696 l_q_formula = 1.0128824808036965
sum of P = 0.9999999999999994
########

########
[17, 181, 22],
 w_s = 0.10066591227133845 w_s_formula = 0.0485181707576285
l_q = 0.5545161798580314 l_q_formula = 0.5545161798580317
sum of P = 0.9999999999999999
########

########
[10, 122, 27],
 w_s = 0.08400718305637982 w_s_formula = 0.041217694675944626
l_q = 0.5100402319467261 l_q_formula = 0.5100402319467264
sum of P = 1.0
########

########
[3, 45, 16],
 w_s = 0.15325194109448503 w_s_formula = 0.09444195526034341
l_q = 1.4373879867154535 l_q_formula = 1.4373879867154533
sum of P = 0.9999999999999998
########

########
[11, 57, 28],
 w_s = 0.08110662318424566 w_s_formula = 0.039045896458800904
l_q = 0.1899018124373658 l_q_formula = 0.1899018124373658
sum of P = 0.9999999999999999
########

########
[11, 108, 27],
 w_s = 0.08370886162556708 w_s_formula = 0.04069796500504477
l_q = 0.3953802205448357 l_q_formula = 0.3953802205448358
sum of P = 1.0
########

########
[17, 71, 11],
 w_s = 0.19213087995427264 w_s_formula = 0.09676084786022812
l_q = 0.4154747435307422 l_q_formula = 0.4154747435307421
sum of P = 0.9999999999999996
########

########
[14, 156, 20],
 w_s = 0.10964896285739134 w_s_formula = 0.05424529009482867
l_q = 0.6622652547932718 l_q_formula = 0.6622652547932721
sum of P = 1.0000000000000002
########

########
[9, 133, 12],
 w_s = 0.17947495051531503 w_s_formula = 0.10239786941461242
l_q = 2.5355832988101183 l_q_formula = 2.5355832988101197
sum of P = 0.9999999999999998
########

########
[3, 109, 20],
 w_s = 0.1255768057803949 w_s_formula = 0.17922597019680503
l_q = 14.08563075145175 l_q_formula = 15.023221328308285
sum of P = 0.9375905768565211
########

########
[4, 188, 28],
 w_s = 0.08448063243058188 w_s_formula = 0.07819918180793059
l_q = 7.9871604656052355 l_q_formula = 7.987160465605235
sum of P = 1.0000000000000007
########

########
[10, 172, 23],
 w_s = 0.09710653140349974 w_s_formula = 0.04926697743898038
l_q = 0.9956592499394081 l_q_formula = 0.9956592499394081
sum of P = 0.9999999999999998
########

########
[6, 134, 18],
 w_s = 0.12394079531652065 w_s_formula = 0.0748369139333327
l_q = 2.583702022622137 l_q_formula = 2.5837020226221385
sum of P = 0.9999999999999998
########

########
[4, 148, 25],
 w_s = 0.09425966945910674 w_s_formula = 0.06982451460234651
l_q = 4.414028161147284 l_q_formula = 4.414028161147287
sum of P = 1.0
########

########
[16, 30, 29],
 w_s = 0.07865529714451343 w_s_formula = 0.036645964847859626
l_q = 0.06489618681509915 l_q_formula = 0.06489618681509914
sum of P = 0.9999999999999997
########

########
[13, 93, 21],
 w_s = 0.10513963667456008 w_s_formula = 0.05156674199156589
l_q = 0.3671355766441996 l_q_formula = 0.36713557664419966
sum of P = 1.0
########

########
[9, 40, 25],
 w_s = 0.08990182642496342 w_s_formula = 0.04455247722729356
l_q = 0.1820990890917424 l_q_formula = 0.18209908909174244
sum of P = 0.9999999999999999
########

########
[10, 134, 7],
 w_s = 0.3023449017025943 w_s_formula = 0.38682937392311956
l_q = 32.69227896284088 l_q_formula = 33.66343011560729
sum of P = 0.9711511527663306
########

########
[13, 81, 20],
 w_s = 0.1097936668511955 w_s_formula = 0.0541011631948964
l_q = 0.332194218786608 l_q_formula = 0.33219421878660793
sum of P = 1.0000000000000002
########

########
[18, 14, 24],
 w_s = 0.09322664420578736 w_s_formula = 0.04398376898906228
l_q = 0.032439432513538626 l_q_formula = 0.032439432513538626
sum of P = 1.0
########

########
[7, 26, 25],
 w_s = 0.09047949668574966 w_s_formula = 0.04581456540478653
l_q = 0.15117870052444982 l_q_formula = 0.15117870052444984
sum of P = 1.0
########

########
[17, 115, 17],
 w_s = 0.12734016782573293 w_s_formula = 0.06263847630101005
l_q = 0.4387188922632141 l_q_formula = 0.43871889226321403
sum of P = 1.0
########

########
[11, 85, 19],
 w_s = 0.1153193785230871 w_s_formula = 0.0579263044240566
l_q = 0.45005166551849574 l_q_formula = 0.45005166551849574
sum of P = 1.0000000000000002
########

########
[4, 47, 17],
 w_s = 0.13549879633906117 w_s_formula = 0.07770225042775383
l_q = 0.8872998877514894 l_q_formula = 0.8872998877514895
sum of P = 1.0
########

########
[17, 13, 23],
 w_s = 0.0968660495876055 w_s_formula = 0.04603846188706563
l_q = 0.033282613227505364 l_q_formula = 0.03328261322750537
sum of P = 1.0
########

########
[10, 77, 13],
 w_s = 0.16545220011224937 w_s_formula = 0.08624182784454985
l_q = 0.7175438209534152 l_q_formula = 0.7175438209534146
sum of P = 1.0
########

########
[5, 168, 21],
 w_s = 0.10846292179912513 w_s_formula = 0.08422837873323723
l_q = 6.150367627183854 l_q_formula = 6.150367627183857
sum of P = 0.9999999999999998
########

########
[6, 35, 19],
 w_s = 0.11763467313279392 w_s_formula = 0.06197018932273824
l_q = 0.3268513631379439 l_q_formula = 0.3268513631379439
sum of P = 1.0
########

########
[17, 69, 17],
 w_s = 0.1274523462819573 w_s_formula = 0.06242657868450979
l_q = 0.2486103998194108 l_q_formula = 0.24861039981941077
sum of P = 0.9999999999999999
########

########
[8, 134, 17],
 w_s = 0.1292528317212128 w_s_formula = 0.07056674534414246
l_q = 1.5735909349386192 l_q_formula = 1.5735909349386197
sum of P = 1.0
########

########
[14, 149, 29],
 w_s = 0.0787136026232722 w_s_formula = 0.03716437743644167
l_q = 0.3995612035470506 l_q_formula = 0.39956120354705066
sum of P = 1.0000000000000002
########

########
[4, 10, 19],
 w_s = 0.12125966475263841 w_s_formula = 0.06597438062146843
l_q = 0.13342801674100008 l_q_formula = 0.13342801674100008
sum of P = 0.9999999999999999
########

########
[12, 51, 20],
 w_s = 0.11009736264912424 w_s_formula = 0.054306304954743145
l_q = 0.21962155269190042 l_q_formula = 0.21962155269190045
sum of P = 1.0
########

########
[11, 20, 20],
 w_s = 0.11008602150536013 w_s_formula = 0.0545776578317442
l_q = 0.09155315663488402 l_q_formula = 0.091553156634884
sum of P = 1.0
########

########
[11, 79, 14],
 w_s = 0.15393395720055272 w_s_formula = 0.07897473564467844
l_q = 0.5961469730724542 l_q_formula = 0.5961469730724539
sum of P = 0.9999999999999998
########

########
[11, 150, 21],
 w_s = 0.10522588299215435 w_s_formula = 0.05303714100885761
l_q = 0.8127140084714995 l_q_formula = 0.8127140084714995
sum of P = 0.9999999999999998
########

########
[10, 14, 20],
 w_s = 0.11026516354397306 w_s_formula = 0.05502166635637447
l_q = 0.07030332898924249 l_q_formula = 0.07030332898924249
sum of P = 1.0
########

########
[8, 13, 17],
 w_s = 0.1291100028707277 w_s_formula = 0.0662336821783898
l_q = 0.09633198596612637 l_q_formula = 0.09633198596612635
sum of P = 0.9999999999999999
########

########
[12, 20, 16],
 w_s = 0.13530062795417203 w_s_formula = 0.06775588665613813
l_q = 0.10511773312276262 l_q_formula = 0.10511773312276264
sum of P = 0.9999999999999999
########

########
[18, 90, 26],
 w_s = 0.08665951567001684 w_s_formula = 0.0406581380988412
l_q = 0.1976939673572464 l_q_formula = 0.19769396735724637
sum of P = 0.9999999999999999
########

########
[9, 40, 27],
 w_s = 0.084252085987427 w_s_formula = 0.04123928187203835
l_q = 0.16808979340005248 l_q_formula = 0.1680897934000525
sum of P = 1.0000000000000002
########

########
[17, 46, 29],
 w_s = 0.07874139257167019 w_s_formula = 0.03652624290222546
l_q = 0.09400027695064715 l_q_formula = 0.09400027695064717
sum of P = 1.0
########

########
[8, 134, 14],
 w_s = 0.15548044499067956 w_s_formula = 0.08906535964779713
l_q = 2.3633296213762445 l_q_formula = 2.363329621376243
sum of P = 1.0000000000000002
########

########
[17, 60, 17],
 w_s = 0.127510758616813 w_s_formula = 0.06239495798319328
l_q = 0.21428571428571416 l_q_formula = 0.2142857142857142
sum of P = 0.9999999999999996
########

########
[11, 139, 26],
 w_s = 0.08668997668995136 w_s_formula = 0.04247175655506592
l_q = 0.5574203150003165 l_q_formula = 0.5574203150003164
sum of P = 0.9999999999999999
########

########
[13, 104, 11],
 w_s = 0.19313253547970682 w_s_formula = 0.10009472386614157
l_q = 0.9553058275332693 l_q_formula = 0.9553058275332695
sum of P = 0.9999999999999999
########

########
[19, 69, 29],
 w_s = 0.07866586190033603 w_s_formula = 0.0363209288398316
l_q = 0.12683374512079462 l_q_formula = 0.12683374512079462
sum of P = 0.9999999999999999
########

########
[7, 132, 24],
 w_s = 0.09399778459728393 w_s_formula = 0.04979848790052361
l_q = 1.073400402869117 l_q_formula = 1.0734004028691175
sum of P = 0.9999999999999997
########

########
[17, 171, 15],
 w_s = 0.1432218776831504 w_s_formula = 0.07163769580464296
l_q = 0.8500459825939477 l_q_formula = 0.8500459825939479
sum of P = 1.0
########

########
[8, 162, 24],
 w_s = 0.09368372256324878 w_s_formula = 0.049085151995556055
l_q = 1.2017946232800814 l_q_formula = 1.2017946232800818
sum of P = 1.0
########

########
[16, 121, 28],
 w_s = 0.08113901299361109 w_s_formula = 0.038061234561003264
l_q = 0.28398081045282403 l_q_formula = 0.2839808104528241
sum of P = 1.0
########

########
[4, 131, 20],
 w_s = 0.11695117132376107 w_s_formula = 0.1028847205349494
l_q = 6.92789839007837 l_q_formula = 6.927898390078372
sum of P = 1.0
########

########
[14, 41, 27],
 w_s = 0.0839289961574552 w_s_formula = 0.03970857551735454
l_q = 0.10953307769301761 l_q_formula = 0.10953307769301761
sum of P = 1.0
########

########
[17, 149, 29],
 w_s = 0.07848680453936631 w_s_formula = 0.036638584032911155
l_q = 0.32121798642100313 l_q_formula = 0.321217986421003
sum of P = 1.0
########

########
[13, 109, 11],
 w_s = 0.19295955273126503 w_s_formula = 0.10031003110738027
l_q = 1.0247024816135388 l_q_formula = 1.024702481613539
sum of P = 1.0
########

########
[5, 126, 14],
 w_s = 0.16047792412009376 w_s_formula = 0.1724375271850041
l_q = 12.727128425310516 l_q_formula = 13.658910531638163
sum of P = 0.9317821063276356
########

########
[7, 125, 15],
 w_s = 0.14646530332847205 w_s_formula = 0.08535098023008177
l_q = 2.3355391954268874 l_q_formula = 2.3355391954268896
sum of P = 1.0
########

########
[12, 140, 19],
 w_s = 0.11546166820686146 w_s_formula = 0.05800983283470136
l_q = 0.7529555442266124 l_q_formula = 0.7529555442266126
sum of P = 0.9999999999999998
########

########
[6, 28, 21],
 w_s = 0.10705004490913278 w_s_formula = 0.055843731633392464
l_q = 0.23029115240165568 l_q_formula = 0.23029115240165568
sum of P = 1.0
########

########
[5, 17, 11],
 w_s = 0.20176863483302043 w_s_formula = 0.11027962223733656
l_q = 0.329299032580176 l_q_formula = 0.32929903258017595
sum of P = 0.9999999999999997
########

########
[11, 82, 19],
 w_s = 0.1153980381060309 w_s_formula = 0.05789457147215288
l_q = 0.4315653870323258 l_q_formula = 0.43156538703232583
sum of P = 0.9999999999999999
########

########
[5, 187, 26],
 w_s = 0.08876071160107943 w_s_formula = 0.05977302182603291
l_q = 3.985247389160462 l_q_formula = 3.985247389160468
sum of P = 0.9999999999999997
########

########
[13, 24, 19],
 w_s = 0.11519840413722009 w_s_formula = 0.05671263924914524
l_q = 0.0979454472426437 l_q_formula = 0.0979454472426437
sum of P = 1.0
########

########
[15, 13, 20],
 w_s = 0.10988840669559172 w_s_formula = 0.05333911257931061
l_q = 0.043408463531037875 l_q_formula = 0.043408463531037875
sum of P = 1.0
########

########
[10, 32, 29],
 w_s = 0.07864240922164326 w_s_formula = 0.03796606800638677
l_q = 0.11146590034230766 l_q_formula = 0.11146590034230766
sum of P = 0.9999999999999999
########

########
[7, 153, 23],
 w_s = 0.09778814743207068 w_s_formula = 0.053103874197233544
l_q = 1.4727188391332542 l_q_formula = 1.4727188391332533
sum of P = 1.0
########

########
[3, 41, 11],
 w_s = 0.22626436205392728 w_s_formula = 0.15414264163162988
l_q = 2.592575579624098 l_q_formula = 2.592575579624099
sum of P = 1.0
########

########
[18, 118, 24],
 w_s = 0.09295024728335118 w_s_formula = 0.044102950548965444
l_q = 0.2874814981112557 l_q_formula = 0.2874814981112558
sum of P = 1.0
########

########
[10, 128, 22],
 w_s = 0.10101968964886468 w_s_formula = 0.05092952910761361
l_q = 0.7007979075927232 l_q_formula = 0.7007979075927236
sum of P = 1.0
########

########
[10, 21, 21],
 w_s = 0.10557441723017441 w_s_formula = 0.052421252589222096
l_q = 0.10084630437366401 l_q_formula = 0.10084630437366399
sum of P = 1.0
########

########
[18, 113, 18],
 w_s = 0.12098301382028165 w_s_formula = 0.058892103218930195
l_q = 0.37702988596133474 l_q_formula = 0.3770298859613348
sum of P = 1.0
########

########
[15, 20, 25],
 w_s = 0.08990606526842881 w_s_formula = 0.04267355448789239
l_q = 0.05347108975784776 l_q_formula = 0.05347108975784776
sum of P = 0.9999999999999999
########

########
[15, 138, 26],
 w_s = 0.08669635917768348 w_s_formula = 0.04123885798068374
l_q = 0.3832700936420477 l_q_formula = 0.3832700936420478
sum of P = 0.9999999999999999
########

########
[9, 46, 14],
 w_s = 0.15476546725550072 w_s_formula = 0.08006280681818768
l_q = 0.3971748279223478 l_q_formula = 0.39717482792234776
sum of P = 0.9999999999999998
########

########
[18, 163, 23],
 w_s = 0.09657284286499107 w_s_formula = 0.046136696272392745
l_q = 0.433324970660887 l_q_formula = 0.43332497066088693
sum of P = 1.0
########

########
[8, 43, 18],
 w_s = 0.12243102605104852 w_s_formula = 0.06292701573664593
l_q = 0.3169727877868862 l_q_formula = 0.3169727877868861
sum of P = 1.0
########

########
[18, 130, 28],
 w_s = 0.08117782441378059 w_s_formula = 0.037792427550016376
l_q = 0.2701584386449866 l_q_formula = 0.27015843864498673
sum of P = 1.0
########

########
[16, 58, 17],
 w_s = 0.12755710509778936 w_s_formula = 0.06262397582323406
l_q = 0.22042589186522257 l_q_formula = 0.2204258918652226
sum of P = 1.0
########

########
[19, 191, 23],
 w_s = 0.09662255348246974 w_s_formula = 0.046044151833710543
l_q = 0.49008517415175706 l_q_formula = 0.49008517415175695
sum of P = 1.0000000000000002
########

########
[6, 63, 27],
 w_s = 0.08501661383603955 w_s_formula = 0.04381727489688277
l_q = 0.4271549851702814 l_q_formula = 0.42715498517028133
sum of P = 0.9999999999999999
########

########
[8, 193, 20],
 w_s = 0.11084551401117237 w_s_formula = 0.062487466614106105
l_q = 2.4100810565224777 l_q_formula = 2.4100810565224795
sum of P = 1.0
########

########
[13, 23, 13],
 w_s = 0.16451766697730413 w_s_formula = 0.08292869648679299
l_q = 0.13812924996546935 l_q_formula = 0.13812924996546935
sum of P = 1.0
########

########
[11, 154, 10],
 w_s = 0.21264402016698797 w_s_formula = 0.12364202660028695
l_q = 3.640872096444188 l_q_formula = 3.640872096444188
sum of P = 1.0
########

########
[10, 57, 26],
 w_s = 0.08682802376019388 w_s_formula = 0.04244399819732511
l_q = 0.227000204939839 l_q_formula = 0.22700020493983902
sum of P = 1.0000000000000002
########

########
[19, 58, 26],
 w_s = 0.08667394838785306 w_s_formula = 0.04050889602464481
l_q = 0.1187467386601681 l_q_formula = 0.11874673866016812
sum of P = 1.0000000000000002
########

########
[17, 48, 19],
 w_s = 0.1150177858726962 w_s_formula = 0.055781908876897476
l_q = 0.15121583661739466 l_q_formula = 0.15121583661739474
sum of P = 1.0000000000000002
########

########
[17, 14, 26],
 w_s = 0.08676472751145725 w_s_formula = 0.040726120403326696
l_q = 0.03170414718503526 l_q_formula = 0.03170414718503526
sum of P = 1.0
########

########
[17, 180, 26],
 w_s = 0.08660160584891997 w_s_formula = 0.04096572764007849
l_q = 0.4507540521372045 l_q_formula = 0.45075405213720443
sum of P = 1.0000000000000002
########

########
[19, 44, 16],
 w_s = 0.1347861150936968 w_s_formula = 0.06584451088737157
l_q = 0.14715847904434948 l_q_formula = 0.1471584790443495
sum of P = 1.0
########

########
[3, 38, 12],
 w_s = 0.20563143414980878 w_s_formula = 0.13065061475934436
l_q = 1.7980566941884197 l_q_formula = 1.7980566941884204
sum of P = 0.9999999999999998
########

########
[10, 78, 14],
 w_s = 0.15417923121053512 w_s_formula = 0.07991915161822875
l_q = 0.6622652547932718 l_q_formula = 0.6622652547932721
sum of P = 1.0000000000000002
########

########
[5, 104, 12],
 w_s = 0.18645915418964498 w_s_formula = 0.16985111088414317
l_q = 8.997848865284222 l_q_formula = 9.906157543569408
sum of P = 0.908308678285173
########

########
[5, 70, 26],
 w_s = 0.08859605676974067 w_s_formula = 0.04751672371012131
l_q = 0.6338629674007996 l_q_formula = 0.6338629674007997
sum of P = 1.0
########

########
[17, 198, 27],
 w_s = 0.08371497336939912 w_s_formula = 0.039473785756707715
l_q = 0.48247624649479437 l_q_formula = 0.48247624649479437
sum of P = 0.9999999999999999
########

########
[3, 31, 8],
 w_s = 0.31643914819487845 w_s_formula = 0.2175983469667982
l_q = 2.870548755970744 l_q_formula = 2.8705487559707454
sum of P = 0.9999999999999999
########

########
[4, 123, 18],
 w_s = 0.1293342158497817 w_s_formula = 0.12824511565717367
l_q = 8.940815892499026 l_q_formula = 8.94081589249904
sum of P = 0.9999999999999994
########

########
[15, 12, 27],
 w_s = 0.08392375282301542 w_s_formula = 0.03950822256515256
l_q = 0.029654226337386267 l_q_formula = 0.02965422633738627
sum of P = 1.0
########

########
[14, 123, 17],
 w_s = 0.1276451854627113 w_s_formula = 0.06371564236505532
l_q = 0.601729893254746 l_q_formula = 0.6017298932547461
sum of P = 0.9999999999999999
########

########
[14, 73, 29],
 w_s = 0.07866500312621369 w_s_formula = 0.03700692118151402
l_q = 0.1842638669401784 l_q_formula = 0.1842638669401784
sum of P = 1.0
########

########
[3, 47, 19],
 w_s = 0.1287090399889958 w_s_formula = 0.0772701310453263
l_q = 1.1580119486040208 l_q_formula = 1.158011948604021
sum of P = 1.0
########

########
[4, 27, 28],
 w_s = 0.08409975817717795 w_s_formula = 0.04501785170063546
l_q = 0.25119628163144314 l_q_formula = 0.2511962816314433
sum of P = 0.9999999999999999
########

########
[17, 151, 24],
 w_s = 0.09291175493938178 w_s_formula = 0.04433842805969608
l_q = 0.4034359703474421 l_q_formula = 0.40343597034744205
sum of P = 0.9999999999999998
########

########
[18, 196, 15],
 w_s = 0.14294544419560856 w_s_formula = 0.07152740172784285
l_q = 0.9527040719905318 l_q_formula = 0.9527040719905313
sum of P = 0.9999999999999998
########

########
[15, 53, 27],
 w_s = 0.08376213140514102 w_s_formula = 0.039540526316615775
l_q = 0.13268493181767332 l_q_formula = 0.13268493181767332
sum of P = 0.9999999999999999
########

########
[10, 39, 27],
 w_s = 0.08399479251929703 w_s_formula = 0.04080248015760364
l_q = 0.1468522817020977 l_q_formula = 0.14685228170209774
sum of P = 0.9999999999999999
########

########
[6, 35, 29],
 w_s = 0.07966653989655115 w_s_formula = 0.04040441307555345
l_q = 0.20725790592023305 l_q_formula = 0.20725790592023305
sum of P = 1.0
########

########
[15, 97, 21],
 w_s = 0.10510945684284054 w_s_formula = 0.05099982777866427
l_q = 0.32793567548281544 l_q_formula = 0.3279356754828153
sum of P = 1.0000000000000002
########

########
[9, 52, 29],
 w_s = 0.07889089082351351 w_s_formula = 0.038428543723966486
l_q = 0.20518082537039514 l_q_formula = 0.2051808253703951
sum of P = 0.9999999999999999
########

########
[17, 166, 21],
 w_s = 0.1050763952171341 w_s_formula = 0.05080003362181703
l_q = 0.5280436764597223 l_q_formula = 0.5280436764597227
sum of P = 0.9999999999999997
########

########
[16, 70, 11],
 w_s = 0.19236324534889793 w_s_formula = 0.09717289281775383
l_q = 0.43846613360640496 l_q_formula = 0.43846613360640485
sum of P = 1.0
########

########
[7, 159, 28],
 w_s = 0.08168446253631101 w_s_formula = 0.04281097023465129
l_q = 1.1283728387381262 l_q_formula = 1.1283728387381258
sum of P = 1.0
########

########
[18, 167, 16],
 w_s = 0.13482458154308624 w_s_formula = 0.06667783308652483
l_q = 0.6976981254496466 l_q_formula = 0.6976981254496465
sum of P = 1.0
########

########
[19, 20, 17],
 w_s = 0.1275821237585733 w_s_formula = 0.061930135332751206
l_q = 0.06213211841973002 l_q_formula = 0.06213211841973003
sum of P = 1.0
########

########
[13, 46, 25],
 w_s = 0.08990197019124321 w_s_formula = 0.04312634470616011
l_q = 0.143811856483365 l_q_formula = 0.14381185648336503
sum of P = 1.0
########

########
[6, 173, 26],
 w_s = 0.08782234932961842 w_s_formula = 0.049974703793875516
l_q = 1.9917776024943095 l_q_formula = 1.991777602494309
sum of P = 1.0000000000000004
########

########
[6, 25, 14],
 w_s = 0.157427038248893 w_s_formula = 0.08406104165841205
l_q = 0.31581175574601555 l_q_formula = 0.3158117557460155
sum of P = 1.0
########

########
[5, 157, 19],
 w_s = 0.11932662239251242 w_s_formula = 0.09905873901248846
l_q = 7.289064130223846 l_q_formula = 7.289064130223842
sum of P = 1.0
########

########
[15, 26, 13],
 w_s = 0.16400713325024438 w_s_formula = 0.0821251206188233
l_q = 0.13525313608940553 l_q_formula = 0.13525313608940553
sum of P = 1.0
########

########
[16, 123, 28],
 w_s = 0.08125915750914756 w_s_formula = 0.038064634336492216
l_q = 0.28909288053139964 l_q_formula = 0.2890928805313997
sum of P = 1.0
########

########
[12, 136, 23],
 w_s = 0.09673043565938651 w_s_formula = 0.04764726377218125
l_q = 0.5669843947557807 l_q_formula = 0.5669843947557807
sum of P = 1.0
########

########
[12, 19, 14],
 w_s = 0.15359949295363096 w_s_formula = 0.07744424565715355
l_q = 0.11429781034306032 l_q_formula = 0.11429781034306034
sum of P = 0.9999999999999998
########

########
[9, 63, 10],
 w_s = 0.21410619862562952 w_s_formula = 0.11434285023786199
l_q = 0.903599564985305 l_q_formula = 0.9035995649853047
sum of P = 1.0
########

########
[3, 19, 14],
 w_s = 0.17062376644325883 w_s_formula = 0.09831070245172613
l_q = 0.5107604894399393 l_q_formula = 0.5107604894399396
sum of P = 0.9999999999999998
########

########
[4, 31, 16],
 w_s = 0.14313132909805015 w_s_formula = 0.08040663013076432
l_q = 0.5551055340536941 l_q_formula = 0.5551055340536943
sum of P = 0.9999999999999999
########

########
[5, 47, 28],
 w_s = 0.08287424845455807 w_s_formula = 0.04339803714226772
l_q = 0.36113631711515437 l_q_formula = 0.3611363171151543
sum of P = 0.9999999999999999
########

########
[11, 10, 21],
 w_s = 0.10535515407555424 w_s_formula = 0.05195554302367955
l_q = 0.04336495404631934 l_q_formula = 0.04336495404631935
sum of P = 0.9999999999999999
########

########
[14, 21, 13],
 w_s = 0.164161421843402 w_s_formula = 0.08247821166117383
l_q = 0.11665782950003499 l_q_formula = 0.11665782950003498
sum of P = 1.0
########

########
[13, 75, 24],
 w_s = 0.09318087230209303 w_s_formula = 0.04500572428591129
l_q = 0.25042932144334695 l_q_formula = 0.25042932144334695
sum of P = 1.0000000000000002
########

########
[17, 39, 22],
 w_s = 0.10074153796435296 w_s_formula = 0.048152803152487565
l_q = 0.10523205021974225 l_q_formula = 0.10523205021974226
sum of P = 1.0
########

########
[7, 11, 17],
 w_s = 0.1298944114652701 w_s_formula = 0.06728830974478194
l_q = 0.09311258366318949 l_q_formula = 0.09311258366318949
sum of P = 1.0
########

########
[19, 104, 11],
 w_s = 0.19213196461770843 w_s_formula = 0.09642753786171866
l_q = 0.5739184830732865 l_q_formula = 0.5739184830732865
sum of P = 1.0000000000000002
########

########
[6, 54, 23],
 w_s = 0.09843358907256466 w_s_formula = 0.05144559843532791
l_q = 0.4302362285511854 l_q_formula = 0.43023622855118543
sum of P = 0.9999999999999999
########

########
[14, 162, 11],
 w_s = 0.19282789853705828 w_s_formula = 0.10193219783111981
l_q = 1.785743321368681 l_q_formula = 1.7857433213686813
sum of P = 0.9999999999999998
########

########
[8, 159, 21],
 w_s = 0.10603401935645355 w_s_formula = 0.056813544082586064
l_q = 1.461924937702613 l_q_formula = 1.4619249377026133
sum of P = 0.9999999999999998
########

########
[7, 90, 10],
 w_s = 0.21671663478519088 w_s_formula = 0.13149927952544166
l_q = 2.8349351572897477 l_q_formula = 2.8349351572897477
sum of P = 1.0
########

########
[17, 133, 24],
 w_s = 0.09312189896254555 w_s_formula = 0.04429378671395986
l_q = 0.34940696628999485 l_q_formula = 0.3494069662899948
sum of P = 0.9999999999999999
########

########
[7, 144, 20],
 w_s = 0.11142167879868055 w_s_formula = 0.06186190287798402
l_q = 1.708114014429699 l_q_formula = 1.7081140144296993
sum of P = 0.9999999999999997
########

########
[14, 38, 28],
 w_s = 0.08115959466323619 w_s_formula = 0.03828568105203755
l_q = 0.09771302283456973 l_q_formula = 0.09771302283456972
sum of P = 1.0
########

########
[17, 62, 13],
 w_s = 0.16398785623131676 w_s_formula = 0.08169696587865141
l_q = 0.29598111524561777 l_q_formula = 0.29598111524561777
sum of P = 1.0
########

########
[10, 31, 27],
 w_s = 0.08403353407728084 w_s_formula = 0.04078123724612016
l_q = 0.11607020648157676 l_q_formula = 0.11607020648157677
sum of P = 1.0
########

########
[7, 153, 17],
 w_s = 0.12988349282637449 w_s_formula = 0.07735251736790685
l_q = 2.8349351572897477 l_q_formula = 2.8349351572897477
sum of P = 1.0
########

########
[7, 199, 18],
 w_s = 0.12299261223106452 w_s_formula = 0.08460837334646146
l_q = 5.781510740390274 l_q_formula = 5.781510740390284
sum of P = 1.0
########

########
[14, 186, 21],
 w_s = 0.10511199213777654 w_s_formula = 0.051834688168949775
l_q = 0.7841091422818008 l_q_formula = 0.7841091422818012
sum of P = 0.9999999999999997
########

########
[11, 44, 13],
 w_s = 0.16513246600761194 w_s_formula = 0.08436960989773994
l_q = 0.3276474508851726 l_q_formula = 0.3276474508851726
sum of P = 1.0000000000000002
########

########
[19, 194, 29],
 w_s = 0.07874642187287403 w_s_formula = 0.03644722364029989
l_q = 0.3811062138043857 l_q_formula = 0.3811062138043857
sum of P = 0.9999999999999997
########

########
[4, 160, 22],
 w_s = 0.1062623835705802 w_s_formula = 0.13433909891363843
l_q = 14.221528553454876 l_q_formula = 15.15964600977819
sum of P = 0.9381174563233066
########

########
[3, 66, 26],
 w_s = 0.09533544182176881 w_s_formula = 0.056755131985595224
l_q = 1.2073771725877462 l_q_formula = 1.2073771725877467
sum of P = 1.0
########

########
[15, 116, 14],
 w_s = 0.15288409687896506 w_s_formula = 0.0770748115303307
l_q = 0.6549638518040759 l_q_formula = 0.6549638518040763
sum of P = 0.9999999999999997
########

########
[5, 111, 27],
 w_s = 0.08579006437610615 w_s_formula = 0.04742232918407549
l_q = 1.1527674283212683 l_q_formula = 1.1527674283212677
sum of P = 0.9999999999999997
########

########
[15, 28, 14],
 w_s = 0.15295051683977076 w_s_formula = 0.07625904057462163
l_q = 0.13525313608940553 l_q_formula = 0.13525313608940553
sum of P = 1.0
########

########
[8, 176, 26],
 w_s = 0.0870615918733398 w_s_formula = 0.04532163603305975
l_q = 1.2073771725877462 l_q_formula = 1.2073771725877467
sum of P = 1.0
########

########
[10, 13, 21],
 w_s = 0.10539884743705388 w_s_formula = 0.052397295989749806
l_q = 0.06211722881912845 l_q_formula = 0.06211722881912845
sum of P = 1.0
########

########
[18, 164, 25],
 w_s = 0.08983979260184152 w_s_formula = 0.042416981048591144
l_q = 0.3963848919689475 l_q_formula = 0.3963848919689476
sum of P = 1.0
########

########
[19, 55, 12],
 w_s = 0.17681173901782432 w_s_formula = 0.08790371985990351
l_q = 0.2513712589613599 l_q_formula = 0.2513712589613601
sum of P = 1.0
########

########
[9, 132, 22],
 w_s = 0.10118843761546623 w_s_formula = 0.05184144190013071
l_q = 0.8430703308172532 l_q_formula = 0.8430703308172536
sum of P = 1.0000000000000002
########

########
[5, 34, 24],
 w_s = 0.0953933953585549 w_s_formula = 0.05046672509054253
l_q = 0.2992019864117794 l_q_formula = 0.2992019864117794
sum of P = 1.0
########

########
[13, 32, 15],
 w_s = 0.14370573924690389 w_s_formula = 0.07190270566222198
l_q = 0.1675532478577703 l_q_formula = 0.1675532478577703
sum of P = 1.0
########

########
[4, 128, 25],
 w_s = 0.09400717839860823 w_s_formula = 0.06188510945839083
l_q = 2.801294010674027 l_q_formula = 2.8012940106740265
sum of P = 0.9999999999999996
########

########
[8, 21, 18],
 w_s = 0.12222937278713694 w_s_formula = 0.06261780153794347
l_q = 0.14830716563014618 l_q_formula = 0.14830716563014618
sum of P = 0.9999999999999999
########

########
[4, 33, 19],
 w_s = 0.12133394319275573 w_s_formula = 0.06736672908284252
l_q = 0.48625995447064574 l_q_formula = 0.48625995447064585
sum of P = 1.0
########

########
[13, 134, 17],
 w_s = 0.12778482861329893 w_s_formula = 0.06434809278929074
l_q = 0.7402914925884891 l_q_formula = 0.740291492588489
sum of P = 0.9999999999999994
########

########
[19, 24, 26],
 w_s = 0.08651945451692813 w_s_formula = 0.04049020276840919
l_q = 0.04868794336489746 l_q_formula = 0.04868794336489747
sum of P = 1.0
########

########
[11, 16, 21],
 w_s = 0.10526696900262014 w_s_formula = 0.05196643922237008
l_q = 0.06955826565315935 l_q_formula = 0.06955826565315937
sum of P = 0.9999999999999999
########

########
[15, 80, 23],
 w_s = 0.09675084416783344 w_s_formula = 0.04649038482701854
l_q = 0.2409699165962657 l_q_formula = 0.24096991659626574
sum of P = 1.0000000000000002
########

########
[14, 197, 13],
 w_s = 0.16420474698748977 w_s_formula = 0.0865307645976415
l_q = 1.8927144718892206 l_q_formula = 1.892714471889221
sum of P = 0.9999999999999997
########

########
[19, 55, 29],
 w_s = 0.0787465561472605 w_s_formula = 0.036312948247578
l_q = 0.10066042947885893 l_q_formula = 0.10066042947885893
sum of P = 0.9999999999999998
########

########
[8, 59, 12],
 w_s = 0.18025213996634543 w_s_formula = 0.09611065643995823
l_q = 0.7538620632908691 l_q_formula = 0.7538620632908692
sum of P = 1.0000000000000002
########

########
[13, 19, 22],
 w_s = 0.10072476621997545 w_s_formula = 0.04896477142718907
l_q = 0.06669429348022875 l_q_formula = 0.06669429348022876
sum of P = 1.0
########

########
[12, 161, 17],
 w_s = 0.12780637012181634 w_s_formula = 0.06553667183902588
l_q = 1.080815930789049 l_q_formula = 1.0808159307890495
sum of P = 0.9999999999999997
########

########
[19, 52, 19],
 w_s = 0.11498753559542713 w_s_formula = 0.055447605020722456
l_q = 0.14643335581441003 l_q_formula = 0.14643335581441005
sum of P = 1.0
########

########
[16, 92, 12],
 w_s = 0.17705495004541325 w_s_formula = 0.0892874433785743
l_q = 0.5477781241621694 l_q_formula = 0.54777812416217
sum of P = 1.0
########

########
[14, 146, 24],
 w_s = 0.09325341364123686 w_s_formula = 0.04500007993900253
l_q = 0.48667833776103603 l_q_formula = 0.4866783377610359
sum of P = 1.0000000000000002
########

########
[19, 67, 21],
 w_s = 0.10484206987290695 w_s_formula = 0.05018025798498948
l_q = 0.1716010945181048 l_q_formula = 0.1716010945181048
sum of P = 0.9999999999999999
########

########
[19, 31, 12],
 w_s = 0.1767070385285926 w_s_formula = 0.08778475266365637
l_q = 0.13799399924001457 l_q_formula = 0.13799399924001451
sum of P = 0.9999999999999998
########

########
[3, 16, 18],
 w_s = 0.13276897884536054 w_s_formula = 0.07519713441897281
l_q = 0.31426526181467623 l_q_formula = 0.3142652618146762
sum of P = 0.9999999999999999
########

########
[16, 68, 25],
 w_s = 0.08973643850793553 w_s_formula = 0.042556043634207535
l_q = 0.1738109671261126 l_q_formula = 0.17381096712611266
sum of P = 0.9999999999999999
########

########
[16, 64, 19],
 w_s = 0.11509944456943533 w_s_formula = 0.05602946357890685
l_q = 0.21746461641845963 l_q_formula = 0.21746461641845963
sum of P = 0.9999999999999999
########

########
[19, 90, 29],
 w_s = 0.07874035377621305 w_s_formula = 0.036335481834606644
l_q = 0.1667450892525287 l_q_formula = 0.16674508925252876
sum of P = 0.9999999999999999
########

########
[5, 53, 21],
 w_s = 0.10831112772539715 w_s_formula = 0.05864186768470846
l_q = 0.5842094634800244 l_q_formula = 0.5842094634800244
sum of P = 1.0
########

########
[5, 70, 27],
 w_s = 0.08568880283613661 w_s_formula = 0.04566903730742605
l_q = 0.604240018927231 l_q_formula = 0.6042400189272311
sum of P = 0.9999999999999997
########

########
[18, 52, 12],
 w_s = 0.17678425867224773 w_s_formula = 0.08815692860433647
l_q = 0.25082695409216277 l_q_formula = 0.2508269540921628
sum of P = 1.0
########

########
[9, 105, 26],
 w_s = 0.08667316636214015 w_s_formula = 0.04327851549820215
l_q = 0.5057825888496871 l_q_formula = 0.5057825888496873
sum of P = 0.9999999999999996
########

########
[4, 108, 15],
 w_s = 0.1547333321550702 w_s_formula = 0.18451044838250477
l_q = 12.727128425310516 l_q_formula = 13.658910531638163
sum of P = 0.9317821063276356
########

########
[18, 107, 16],
 w_s = 0.13476750727508158 w_s_formula = 0.06628715212604057
l_q = 0.4052252774863411 l_q_formula = 0.4052252774863412
sum of P = 1.0
########

########
[14, 105, 27],
 w_s = 0.08375446064443585 w_s_formula = 0.039825576769947024
l_q = 0.2927966719555489 l_q_formula = 0.29279667195554904
sum of P = 1.0
########

########
[10, 116, 24],
 w_s = 0.0932251980494237 w_s_formula = 0.04643939594998047
l_q = 0.5536365968644014 l_q_formula = 0.5536365968644014
sum of P = 1.0
########

########
[8, 101, 28],
 w_s = 0.08151833030168155 w_s_formula = 0.04075127406466368
l_q = 0.5087358233881749 l_q_formula = 0.508735823388175
sum of P = 1.0
########

########
[17, 69, 24],
 w_s = 0.09283998183690823 w_s_formula = 0.044172076294291394
l_q = 0.17287326430610656 l_q_formula = 0.17287326430610658
sum of P = 1.0
########

########
[16, 179, 23],
 w_s = 0.09695488403287855 w_s_formula = 0.04659549308333222
l_q = 0.5579845662642929 l_q_formula = 0.5579845662642928
sum of P = 1.0
########

########
[18, 47, 12],
 w_s = 0.17690813610534062 w_s_formula = 0.08812484499407354
l_q = 0.22520104805478963 l_q_formula = 0.22520104805478963
sum of P = 0.9999999999999999
########

########
[4, 123, 26],
 w_s = 0.09091223218930108 w_s_formula = 0.05715909279504047
l_q = 2.2997991830207476 l_q_formula = 2.2997991830207476
sum of P = 0.9999999999999996
########

########
[19, 101, 22],
 w_s = 0.10083098510395147 w_s_formula = 0.047947780610632304
l_q = 0.2518167507647714 l_q_formula = 0.25181675076477145
sum of P = 0.9999999999999999
########

########
[19, 55, 26],
 w_s = 0.08656528364806068 w_s_formula = 0.04050673948764302
l_q = 0.11248605643575084 l_q_formula = 0.11248605643575084
sum of P = 1.0
########

########
[13, 37, 15],
 w_s = 0.14364607005012964 w_s_formula = 0.07193507432407253
l_q = 0.19493108332401737 l_q_formula = 0.1949310833240174
sum of P = 0.9999999999999999
########

########
[16, 155, 15],
 w_s = 0.1433978177071949 w_s_formula = 0.07187076262362967
l_q = 0.8066348733292645 l_q_formula = 0.8066348733292644
sum of P = 0.9999999999999997
########

########
[10, 23, 12],
 w_s = 0.17876406000560402 w_s_formula = 0.0918986725738678
l_q = 0.19700280253229285 l_q_formula = 0.19700280253229283
sum of P = 1.0
########

########
[6, 12, 13],
 w_s = 0.1696473347892951 w_s_formula = 0.08998334019019205
l_q = 0.1567231592053814 l_q_formula = 0.1567231592053814
sum of P = 0.9999999999999998
########

########
[12, 144, 12],
 w_s = 0.17792694584667187 w_s_formula = 0.09456968047742982
l_q = 1.618033988749895 l_q_formula = 1.6180339887498951
sum of P = 0.9999999999999999
########

########
[8, 122, 15],
 w_s = 0.14523743780020099 w_s_formula = 0.08035488173537139
l_q = 1.6699622383819763 l_q_formula = 1.6699622383819757
sum of P = 1.0
########

########
[6, 130, 19],
 w_s = 0.11806428967599829 w_s_formula = 0.06891266061968214
l_q = 2.1165406174007835 l_q_formula = 2.116540617400784
sum of P = 1.0
########

########
[11, 63, 15],
 w_s = 0.14407588866881316 w_s_formula = 0.07330441329170573
l_q = 0.4181780373774611 l_q_formula = 0.4181780373774612
sum of P = 1.0
########

########
[11, 22, 18],
 w_s = 0.12135978340104177 w_s_formula = 0.06065803393308492
l_q = 0.11225452430564611 l_q_formula = 0.11225452430564613
sum of P = 0.9999999999999998
########

########
[18, 71, 24],
 w_s = 0.09306242284722391 w_s_formula = 0.044030290726311004
l_q = 0.167817308234748 l_q_formula = 0.167817308234748
sum of P = 1.0000000000000002
########

########
[9, 33, 14],
 w_s = 0.15504075005020124 w_s_formula = 0.07975150974431797
l_q = 0.27465696441963605 l_q_formula = 0.27465696441963616
sum of P = 1.0
########

########
[14, 58, 11],
 w_s = 0.19281006012900928 w_s_formula = 0.09800603582366069
l_q = 0.41162280504504717 l_q_formula = 0.41162280504504717
sum of P = 0.9999999999999999
########

########
[17, 70, 25],
 w_s = 0.08959855841424223 w_s_formula = 0.04240274838702152
l_q = 0.1681923870915067 l_q_formula = 0.16819238709150672
sum of P = 0.9999999999999998
########

########
[11, 158, 16],
 w_s = 0.13556955100647636 w_s_formula = 0.07093509004274705
l_q = 1.3327442267540344 l_q_formula = 1.3327442267540353
sum of P = 0.9999999999999999
########

########
[3, 13, 18],
 w_s = 0.1321138974985211 w_s_formula = 0.07484993663956807
l_q = 0.25082695409216277 l_q_formula = 0.2508269540921628
sum of P = 1.0
########

########
[13, 147, 19],
 w_s = 0.11526289095869126 w_s_formula = 0.05754386940848739
l_q = 0.7221066977844882 l_q_formula = 0.7221066977844887
sum of P = 1.0
########

########
[5, 16, 25],
 w_s = 0.0920853103282906 w_s_formula = 0.04810687252796394
l_q = 0.129709960447423 l_q_formula = 0.12970996044742303
sum of P = 1.0
########

########
[14, 28, 11],
 w_s = 0.19281210752906336 w_s_formula = 0.09756697688659177
l_q = 0.18642080737002406 l_q_formula = 0.18642080737002403
sum of P = 1.0
########

########
[18, 59, 22],
 w_s = 0.1004717957502527 w_s_formula = 0.048024341348552206
l_q = 0.15161795774639839 l_q_formula = 0.1516179577463983
sum of P = 0.9999999999999999
########

########
[6, 137, 15],
 w_s = 0.14746816277777372 w_s_formula = 0.10262191251394126
l_q = 4.92586868107662 l_q_formula = 4.9258686810766275
sum of P = 0.9999999999999992
########

########
[5, 108, 13],
 w_s = 0.17261472141507417 w_s_formula = 0.14652238613812976
l_q = 7.516725395225706 l_q_formula = 7.5167253952257065
sum of P = 0.9999999999999997
########

########
[15, 65, 20],
 w_s = 0.11001198050071587 w_s_formula = 0.053449001159430395
l_q = 0.22418507536297555 l_q_formula = 0.22418507536297558
sum of P = 1.0
########

########
[19, 43, 24],
 w_s = 0.09306092236665363 w_s_formula = 0.04387628515586176
l_q = 0.09501359503538924 l_q_formula = 0.09501359503538923
sum of P = 0.9999999999999999
########

########
[18, 160, 16],
 w_s = 0.13472472327773005 w_s_formula = 0.066623916928222
l_q = 0.6598267085155196 l_q_formula = 0.6598267085155196
sum of P = 1.0000000000000002
########

########
[6, 94, 23],
 w_s = 0.0983399023844778 w_s_formula = 0.052723369052770176
l_q = 0.8690401692212663 l_q_formula = 0.8690401692212668
sum of P = 1.0
########

########
[17, 189, 6],
 w_s = 0.3467289795520465 w_s_formula = 0.2624914407759739
l_q = 18.110882306659075 l_q_formula = 19.061034428496864
sum of P = 0.9501521218377701
########

########
[17, 64, 15],
 w_s = 0.1431158591133124 w_s_formula = 0.07076521344803843
l_q = 0.26230699400779295 l_q_formula = 0.2623069940077929
sum of P = 0.9999999999999999
########

########
[13, 24, 26],
 w_s = 0.08684624624788745 w_s_formula = 0.0414332893699313
l_q = 0.07132202180142808 l_q_formula = 0.07132202180142808
sum of P = 0.9999999999999998
########

########
[5, 51, 16],
 w_s = 0.1403516575777327 w_s_formula = 0.07803620700227866
l_q = 0.7923465571162115 l_q_formula = 0.7923465571162118
sum of P = 0.9999999999999997
########

########
[16, 81, 25],
 w_s = 0.08985467409838255 w_s_formula = 0.04257683821737108
l_q = 0.20872389560705734 l_q_formula = 0.20872389560705737
sum of P = 1.0000000000000002
########

########
[12, 136, 12],
 w_s = 0.17790789236860294 w_s_formula = 0.09404243378724432
l_q = 1.4564376617318948 l_q_formula = 1.4564376617318946
sum of P = 0.9999999999999997
########

########
[8, 110, 17],
 w_s = 0.1292888209721753 w_s_formula = 0.06903356563377858
l_q = 1.1231039844215265 l_q_formula = 1.1231039844215265
sum of P = 0.9999999999999996
########

########
[4, 84, 28],
 w_s = 0.08432093701821985 w_s_formula = 0.047619047619047616
l_q = 0.9999999999999999 l_q_formula = 1.0
sum of P = 1.0
########

########
[15, 144, 20],
 w_s = 0.11001734508325567 w_s_formula = 0.05381213621405224
l_q = 0.5489476148235221 l_q_formula = 0.5489476148235217
sum of P = 1.0
########

########
[10, 161, 27],
 w_s = 0.08383751104086772 w_s_formula = 0.04153374760493467
l_q = 0.7239704014315195 l_q_formula = 0.7239704014315195
sum of P = 1.0000000000000002
########

########
[3, 40, 22],
 w_s = 0.11058049205770877 w_s_formula = 0.06395061571625418
l_q = 0.7398428104683489 l_q_formula = 0.739842810468349
sum of P = 0.9999999999999997
########

########
[14, 147, 21],
 w_s = 0.10515838726069324 w_s_formula = 0.051546600470677724
l_q = 0.5773502691896258 l_q_formula = 0.5773502691896256
sum of P = 0.9999999999999998
########

########
[11, 64, 21],
 w_s = 0.10547141080278088 w_s_formula = 0.05218103184602624
l_q = 0.2919669905266317 l_q_formula = 0.2919669905266316
sum of P = 1.0
########

########
[14, 16, 20],
 w_s = 0.1098015720858773 w_s_formula = 0.053581952887197457
l_q = 0.05731124619515921 l_q_formula = 0.05731124619515922
sum of P = 1.0
########

########
[4, 59, 18],
 w_s = 0.12838506474472083 w_s_formula = 0.07498886400539506
l_q = 1.1465651985405307 l_q_formula = 1.1465651985405305
sum of P = 0.9999999999999998
########

########
[17, 150, 23],
 w_s = 0.09662819314449703 w_s_formula = 0.04628142394206052
l_q = 0.42047446087429624 l_q_formula = 0.42047446087429624
sum of P = 1.0
########

########
[18, 36, 27],
 w_s = 0.08372733354887398 w_s_formula = 0.03910457237300893
l_q = 0.07443127209498845 l_q_formula = 0.07443127209498847
sum of P = 0.9999999999999997
########

########
[13, 75, 20],
 w_s = 0.10991404686213832 w_s_formula = 0.05406854952159968
l_q = 0.30514121411997563 l_q_formula = 0.30514121411997547
sum of P = 0.9999999999999999
########

########
[16, 179, 24],
 w_s = 0.09302604987834659 w_s_formula = 0.04462558326790765
l_q = 0.5296460716221364 l_q_formula = 0.5296460716221363
sum of P = 1.0
########

########
[15, 25, 25],
 w_s = 0.08994371243641508 w_s_formula = 0.042677202080092506
l_q = 0.06693005200231268 l_q_formula = 0.06693005200231267
sum of P = 1.0
########

########
[10, 80, 17],
 w_s = 0.12827033657291947 w_s_formula = 0.0655210629164098
l_q = 0.5358026803716079 l_q_formula = 0.5358026803716083
sum of P = 0.9999999999999999
########

########
[7, 182, 23],
 w_s = 0.09799045699923814 w_s_formula = 0.05488571642828591
l_q = 2.0761569116871654 l_q_formula = 2.0761569116871663
sum of P = 1.0
########

########
[19, 26, 28],
 w_s = 0.08106739775881963 w_s_formula = 0.03759809193514307
l_q = 0.04897896174229118 l_q_formula = 0.04897896174229119
sum of P = 1.0
########

########
[8, 16, 11],
 w_s = 0.19643795384720397 w_s_formula = 0.10256039136971741
l_q = 0.18642080737002406 l_q_formula = 0.18642080737002403
sum of P = 1.0
########

########
[9, 56, 12],
 w_s = 0.17930762688254182 w_s_formula = 0.0941233336713196
l_q = 0.604240018927231 l_q_formula = 0.6042400189272311
sum of P = 0.9999999999999997
########

########
[4, 50, 22],
 w_s = 0.10576181575096907 w_s_formula = 0.059041687513042215
l_q = 0.6793571029248381 l_q_formula = 0.6793571029248381
sum of P = 0.9999999999999999
########

########
[7, 31, 18],
 w_s = 0.12313252164830787 w_s_formula = 0.06383773286492561
l_q = 0.25674749659047175 l_q_formula = 0.25674749659047164
sum of P = 1.0
########

########
[19, 11, 13],
 w_s = 0.16367626401583507 w_s_formula = 0.08097905870007444
l_q = 0.04461579954697262 l_q_formula = 0.04461579954697261
sum of P = 0.9999999999999999
########

########
[14, 63, 17],
 w_s = 0.12758675102196684 w_s_formula = 0.06323370477773213
l_q = 0.277841048055948 l_q_formula = 0.277841048055948
sum of P = 1.0
########

########
[9, 31, 24],
 w_s = 0.09345733151873724 w_s_formula = 0.04637256944903611
l_q = 0.14588298625345275 l_q_formula = 0.14588298625345278
sum of P = 1.0
########

########
[6, 39, 17],
 w_s = 0.13068618903532386 w_s_formula = 0.06956339499180739
l_q = 0.4188547576216643 l_q_formula = 0.41885475762166446
sum of P = 1.0
########

########
[15, 195, 11],
 w_s = 0.19258272820797467 w_s_formula = 0.1026825647444688
l_q = 2.2958273978986865 l_q_formula = 2.295827397898687
sum of P = 1.0
########

########
[12, 109, 5],
 w_s = 0.41897386825444816 w_s_formula = 0.33782771860833266
l_q = 15.023221328308258 l_q_formula = 15.023221328308285
sum of P = 0.9999999999999996
########

########
[6, 89, 15],
 w_s = 0.14758983429528155 w_s_formula = 0.08446822823505586
l_q = 1.5843389795866376 l_q_formula = 1.5843389795866378
sum of P = 1.0000000000000002
########

########
[14, 55, 29],
 w_s = 0.07876491528834426 w_s_formula = 0.036982324728016824
l_q = 0.1374761359029944 l_q_formula = 0.13747613590299443
sum of P = 0.9999999999999998
########

########
[18, 148, 14],
 w_s = 0.15281141690208738 w_s_formula = 0.07622265255153886
l_q = 0.7095240061991792 l_q_formula = 0.7095240061991788
sum of P = 0.9999999999999999
########

########
[6, 39, 27],
 w_s = 0.08481442684007522 w_s_formula = 0.04346849739837454
l_q = 0.25082695409216277 l_q_formula = 0.2508269540921628
sum of P = 1.0
########

########
[13, 99, 19],
 w_s = 0.11520136985047381 w_s_formula = 0.05710061775349382
l_q = 0.4424348418064152 l_q_formula = 0.4424348418064151
sum of P = 0.9999999999999999
########

########
[12, 172, 17],
 w_s = 0.12794971178500114 w_s_formula = 0.06580245474097808
l_q = 1.2003751566246996 l_q_formula = 1.2003751566246992
sum of P = 0.9999999999999996
########

########
[12, 47, 12],
 w_s = 0.1778964726125844 w_s_formula = 0.09077795264557237
l_q = 0.3498971076752346 l_q_formula = 0.3498971076752347
sum of P = 0.9999999999999999
########

########
[9, 37, 18],
 w_s = 0.1219524302275265 w_s_formula = 0.061963795162100294
l_q = 0.2371048654421554 l_q_formula = 0.2371048654421554
sum of P = 1.0
########

########
[19, 45, 14],
 w_s = 0.15285503402518147 w_s_formula = 0.07527150481894568
l_q = 0.17293200256684144 l_q_formula = 0.1729320025668415
sum of P = 1.0
########

########
[14, 25, 23],
 w_s = 0.09673459740192203 w_s_formula = 0.04660021467114826
l_q = 0.07804884503957613 l_q_formula = 0.0780488450395761
sum of P = 1.0
########

########
[13, 194, 9],
 w_s = 0.23471009385256833 w_s_formula = 0.14939946217285618
l_q = 7.427940105978545 l_q_formula = 7.427940105978554
sum of P = 0.9999999999999996
########

########
[16, 126, 17],
 w_s = 0.12753402108359244 w_s_formula = 0.06299518704535208
l_q = 0.5256288618320086 l_q_formula = 0.5256288618320087
sum of P = 0.9999999999999994
########

########
[8, 64, 21],
 w_s = 0.10598070493708556 w_s_formula = 0.05413597193780326
l_q = 0.4170831564003611 l_q_formula = 0.41708315640036114
sum of P = 1.0
########

########
[10, 26, 21],
 w_s = 0.10539212148909519 w_s_formula = 0.05244078962314129
l_q = 0.1253652921064356 l_q_formula = 0.12536529210643563
sum of P = 1.0
########

########
[18, 177, 25],
 w_s = 0.08975314686074727 w_s_formula = 0.04244536873561572
l_q = 0.43283026620398196 l_q_formula = 0.4328302662039818
sum of P = 0.9999999999999997
########

########
[12, 102, 28],
 w_s = 0.08122975183956321 w_s_formula = 0.0388789227949874
l_q = 0.3227929822315719 l_q_formula = 0.3227929822315717
sum of P = 1.0
########

########
[11, 177, 9],
 w_s = 0.2356866993389714 w_s_formula = 0.17819433622400035
l_q = 11.873730844981397 l_q_formula = 12.801273764784103
sum of P = 0.92754291980269
########

########
[19, 139, 27],
 w_s = 0.08385492499834013 w_s_formula = 0.0390871871579368
l_q = 0.2849708668050673 l_q_formula = 0.28497086680506734
sum of P = 1.0
########

########
[9, 153, 9],
 w_s = 0.23742893199953558 w_s_formula = 0.2788395201378312
l_q = 25.66244658108818 l_q_formula = 25.662446581088194
sum of P = 1.0
########

########
[15, 148, 15],
 w_s = 0.14333966012896315 w_s_formula = 0.07225719129793898
l_q = 0.8273976454283011 l_q_formula = 0.8273976454283007
sum of P = 1.0
########

########
[6, 123, 11],
 w_s = 0.19956219189592478 w_s_formula = 0.25113366007456683
l_q = 19.70762200735354 l_q_formula = 20.66145706114622
sum of P = 0.9538350537926791
########

########
[7, 64, 19],
 w_s = 0.1169660326575244 w_s_formula = 0.061235295236547894
l_q = 0.5506378425074864 l_q_formula = 0.5506378425074867
sum of P = 0.9999999999999997
########

########
[15, 129, 13],
 w_s = 0.1640925450139608 w_s_formula = 0.08338823242512994
l_q = 0.8340050597648384 l_q_formula = 0.8340050597648384
sum of P = 0.9999999999999999
########

########
[18, 155, 17],
 w_s = 0.12748844104128226 w_s_formula = 0.06260917166928189
l_q = 0.586774549915162 l_q_formula = 0.5867745499151624
sum of P = 1.0
########

########
[17, 25, 24],
 w_s = 0.09303561054955994 w_s_formula = 0.04412589704861199
l_q = 0.061480759548632996 l_q_formula = 0.06148075954863298
sum of P = 1.0
########

########
[7, 166, 29],
 w_s = 0.07926710486684299 w_s_formula = 0.04136685414145527
l_q = 1.142759856447092 l_q_formula = 1.142759856447092
sum of P = 1.0
########

########
[4, 105, 15],
 w_s = 0.15501714346939863 w_s_formula = 0.16816051666183227
l_q = 10.656854249492389 l_q_formula = 10.656854249492394
sum of P = 0.9999999999999994
########

########
[8, 25, 17],
 w_s = 0.1290312993159503 w_s_formula = 0.06636632823058816
l_q = 0.18856997047058624 l_q_formula = 0.18856997047058618
sum of P = 0.9999999999999999
########

########
[16, 105, 26],
 w_s = 0.08671102033992883 w_s_formula = 0.040974968472722244
l_q = 0.2639101511742969 l_q_formula = 0.26391015117429684
sum of P = 0.9999999999999999
########

########
[9, 183, 16],
 w_s = 0.13624105504339665 w_s_formula = 0.07751867202932006
l_q = 2.7484169813655703 l_q_formula = 2.7484169813655694
sum of P = 0.9999999999999997
########

########
[9, 76, 22],
 w_s = 0.10118980986332582 w_s_formula = 0.05099055104110121
l_q = 0.42073642457823696 l_q_formula = 0.42073642457823707
sum of P = 1.0
########

########
[12, 193, 19],
 w_s = 0.11543196704055599 w_s_formula = 0.05889148808124156
l_q = 1.2081624628375158 l_q_formula = 1.2081624628375156
sum of P = 0.9999999999999998
########

########
[13, 100, 20],
 w_s = 0.10990004573466529 w_s_formula = 0.054217217899335236
l_q = 0.4217217899335233 l_q_formula = 0.42172178993352333
sum of P = 1.0
########

########
[15, 78, 18],
 w_s = 0.12097849900155849 w_s_formula = 0.0594739826814826
l_q = 0.30563731582230974 l_q_formula = 0.30563731582230974
sum of P = 0.9999999999999999
########

########
[6, 59, 19],
 w_s = 0.11767815809745236 w_s_formula = 0.06284870077839749
l_q = 0.6028101880307154 l_q_formula = 0.6028101880307154
sum of P = 0.9999999999999999
########

########
[9, 165, 15],
 w_s = 0.14488585300627607 w_s_formula = 0.08174906046226905
l_q = 2.488594976274394 l_q_formula = 2.4885949762743964
sum of P = 1.0
########

########
[3, 83, 26],
 w_s = 0.09570186635706072 w_s_formula = 0.0604808096088544
l_q = 1.8275995052272227 l_q_formula = 1.8275995052272231
sum of P = 0.9999999999999998
########

########
[5, 31, 21],
 w_s = 0.10800704830149847 w_s_formula = 0.05771676817299825
l_q = 0.3130293371724696 l_q_formula = 0.3130293371724698
sum of P = 1.0
########

########
[4, 188, 29],
 w_s = 0.08192435498665472 w_s_formula = 0.0693784141383625
l_q = 6.560383237322496 l_q_formula = 6.560383237322494
sum of P = 1.0
########

########
[19, 26, 13],
 w_s = 0.1639030425431688 w_s_formula = 0.08100935005652364
l_q = 0.10624310146961452 l_q_formula = 0.1062431014696145
sum of P = 0.9999999999999999
########

########
[5, 123, 22],
 w_s = 0.10363392873865296 w_s_formula = 0.06193817925615577
l_q = 2.0274869575980694 l_q_formula = 2.027486957598071
sum of P = 0.9999999999999999
########

########
[12, 138, 27],
 w_s = 0.08382353216845728 w_s_formula = 0.04048085167990543
l_q = 0.47524642071583806 l_q_formula = 0.475246420715838
sum of P = 1.0000000000000004
########

########
[16, 88, 14],
 w_s = 0.15292636056640452 w_s_formula = 0.07634017352974407
l_q = 0.432220984903192 l_q_formula = 0.43222098490319205
sum of P = 0.9999999999999998
########

########
[9, 75, 12],
 w_s = 0.17954344058277344 w_s_formula = 0.09524417343803455
l_q = 0.8933130078525918 l_q_formula = 0.8933130078525915
sum of P = 0.9999999999999998
########

########
[10, 23, 21],
 w_s = 0.10537054637616364 w_s_formula = 0.05242866749541457
l_q = 0.11062125715643983 l_q_formula = 0.11062125715643985
sum of P = 1.0
########

########
[18, 109, 21],
 w_s = 0.10502702304064801 w_s_formula = 0.05041742487806284
l_q = 0.30502312123265973 l_q_formula = 0.3050231212326598
sum of P = 0.9999999999999999
########

########
[13, 101, 12],
 w_s = 0.17753361464740078 w_s_formula = 0.09134720530627169
l_q = 0.8094010692667741 l_q_formula = 0.8094010692667742
sum of P = 1.0
########

########
[10, 74, 25],
 w_s = 0.08993125723606799 w_s_formula = 0.044242149854685685
l_q = 0.3139190892467408 l_q_formula = 0.313919089246741
sum of P = 1.0
########

